[2025-09-15T21:45:42.909+0000] {local_task_job_runner.py:120} INFO - ::group::Pre task execution logs
[2025-09-15T21:45:42.951+0000] {taskinstance.py:2073} INFO - Dependencies all met for dep_context=non-requeueable deps ti=<TaskInstance: esg_company_counter.count_ESG_companies manual__2025-09-15T21:45:41.387321+00:00 [queued]>
[2025-09-15T21:45:42.962+0000] {taskinstance.py:2073} INFO - Dependencies all met for dep_context=requeueable deps ti=<TaskInstance: esg_company_counter.count_ESG_companies manual__2025-09-15T21:45:41.387321+00:00 [queued]>
[2025-09-15T21:45:42.963+0000] {taskinstance.py:2303} INFO - Starting attempt 1 of 2
[2025-09-15T21:45:42.980+0000] {taskinstance.py:2327} INFO - Executing <Task(PythonOperator): count_ESG_companies> on 2025-09-15 21:45:41.387321+00:00
[2025-09-15T21:45:42.993+0000] {warnings.py:110} WARNING - /home/***/.local/lib/python3.12/site-packages/***/task/task_runner/standard_task_runner.py:61: DeprecationWarning: This process (pid=62) is multi-threaded, use of fork() may lead to deadlocks in the child.
  pid = os.fork()

[2025-09-15T21:45:43.001+0000] {standard_task_runner.py:63} INFO - Started process 63 to run task
[2025-09-15T21:45:42.996+0000] {standard_task_runner.py:90} INFO - Running: ['***', 'tasks', 'run', 'esg_company_counter', 'count_ESG_companies', 'manual__2025-09-15T21:45:41.387321+00:00', '--job-id', '14', '--raw', '--subdir', 'DAGS_FOLDER/esg_files_to_parse_counter.py', '--cfg-path', '/tmp/tmpd3kxz5zx']
[2025-09-15T21:45:43.007+0000] {standard_task_runner.py:91} INFO - Job 14: Subtask count_ESG_companies
[2025-09-15T21:45:43.120+0000] {task_command.py:426} INFO - Running <TaskInstance: esg_company_counter.count_ESG_companies manual__2025-09-15T21:45:41.387321+00:00 [running]> on host 6a98d0ddc1f0
[2025-09-15T21:45:43.278+0000] {taskinstance.py:2644} INFO - Exporting env vars: AIRFLOW_CTX_DAG_OWNER='***' AIRFLOW_CTX_DAG_ID='esg_company_counter' AIRFLOW_CTX_TASK_ID='count_ESG_companies' AIRFLOW_CTX_EXECUTION_DATE='2025-09-15T21:45:41.387321+00:00' AIRFLOW_CTX_TRY_NUMBER='1' AIRFLOW_CTX_DAG_RUN_ID='manual__2025-09-15T21:45:41.387321+00:00'
[2025-09-15T21:45:43.279+0000] {taskinstance.py:430} INFO - ::endgroup::
[2025-09-15T21:45:43.313+0000] {base.py:84} INFO - Using connection ID 'esg_postgres' for task execution.
[2025-09-15T21:45:43.330+0000] {logging_mixin.py:188} INFO - Number of companies currently on ESG database: 4
[2025-09-15T21:45:43.330+0000] {python.py:237} INFO - Done. Returned value was: None
[2025-09-15T21:45:43.331+0000] {taskinstance.py:441} INFO - ::group::Post task execution logs
[2025-09-15T21:45:43.353+0000] {taskinstance.py:1205} INFO - Marking task as SUCCESS. dag_id=esg_company_counter, task_id=count_ESG_companies, execution_date=20250915T214541, start_date=20250915T214542, end_date=20250915T214543
[2025-09-15T21:45:43.379+0000] {local_task_job_runner.py:240} INFO - Task exited with return code 0
[2025-09-15T21:45:43.400+0000] {taskinstance.py:3482} INFO - 0 downstream tasks scheduled from follow-on schedule check
[2025-09-15T21:45:43.403+0000] {local_task_job_runner.py:222} INFO - ::endgroup::
