[2025-09-15T21:13:51.158+0000] {local_task_job_runner.py:120} INFO - ::group::Pre task execution logs
[2025-09-15T21:13:51.194+0000] {taskinstance.py:2073} INFO - Dependencies all met for dep_context=non-requeueable deps ti=<TaskInstance: esg_company_counter.count_ESG_companies scheduled__2025-09-15T20:00:00+00:00 [queued]>
[2025-09-15T21:13:51.204+0000] {taskinstance.py:2073} INFO - Dependencies all met for dep_context=requeueable deps ti=<TaskInstance: esg_company_counter.count_ESG_companies scheduled__2025-09-15T20:00:00+00:00 [queued]>
[2025-09-15T21:13:51.204+0000] {taskinstance.py:2303} INFO - Starting attempt 2 of 2
[2025-09-15T21:13:51.221+0000] {taskinstance.py:2327} INFO - Executing <Task(PythonOperator): count_ESG_companies> on 2025-09-15 20:00:00+00:00
[2025-09-15T21:13:51.230+0000] {warnings.py:110} WARNING - /home/***/.local/lib/python3.12/site-packages/***/task/task_runner/standard_task_runner.py:61: DeprecationWarning: This process (pid=48) is multi-threaded, use of fork() may lead to deadlocks in the child.
  pid = os.fork()

[2025-09-15T21:13:51.230+0000] {standard_task_runner.py:90} INFO - Running: ['***', 'tasks', 'run', 'esg_company_counter', 'count_ESG_companies', 'scheduled__2025-09-15T20:00:00+00:00', '--job-id', '6', '--raw', '--subdir', 'DAGS_FOLDER/esg_files_to_parse_counter.py', '--cfg-path', '/tmp/tmpcmrbxo03']
[2025-09-15T21:13:51.238+0000] {standard_task_runner.py:63} INFO - Started process 49 to run task
[2025-09-15T21:13:51.238+0000] {standard_task_runner.py:91} INFO - Job 6: Subtask count_ESG_companies
[2025-09-15T21:13:51.364+0000] {task_command.py:426} INFO - Running <TaskInstance: esg_company_counter.count_ESG_companies scheduled__2025-09-15T20:00:00+00:00 [running]> on host 6a98d0ddc1f0
[2025-09-15T21:13:51.496+0000] {taskinstance.py:2644} INFO - Exporting env vars: AIRFLOW_CTX_DAG_OWNER='***' AIRFLOW_CTX_DAG_ID='esg_company_counter' AIRFLOW_CTX_TASK_ID='count_ESG_companies' AIRFLOW_CTX_EXECUTION_DATE='2025-09-15T20:00:00+00:00' AIRFLOW_CTX_TRY_NUMBER='2' AIRFLOW_CTX_DAG_RUN_ID='scheduled__2025-09-15T20:00:00+00:00'
[2025-09-15T21:13:51.497+0000] {taskinstance.py:430} INFO - ::endgroup::
[2025-09-15T21:13:51.556+0000] {base.py:84} INFO - Using connection ID 'esg_postgres' for task execution.
[2025-09-15T21:13:51.564+0000] {taskinstance.py:441} INFO - ::group::Post task execution logs
[2025-09-15T21:13:51.565+0000] {taskinstance.py:2890} ERROR - Task failed with exception
Traceback (most recent call last):
  File "/home/airflow/.local/lib/python3.12/site-packages/airflow/models/taskinstance.py", line 465, in _execute_task
    result = _execute_callable(context=context, **execute_callable_kwargs)
             ^^^^^^^^^^^^^^^^^^^^^^^^^^^^^^^^^^^^^^^^^^^^^^^^^^^^^^^^^^^^^
  File "/home/airflow/.local/lib/python3.12/site-packages/airflow/models/taskinstance.py", line 432, in _execute_callable
    return execute_callable(context=context, **execute_callable_kwargs)
           ^^^^^^^^^^^^^^^^^^^^^^^^^^^^^^^^^^^^^^^^^^^^^^^^^^^^^^^^^^^^
  File "/home/airflow/.local/lib/python3.12/site-packages/airflow/models/baseoperator.py", line 400, in wrapper
    return func(self, *args, **kwargs)
           ^^^^^^^^^^^^^^^^^^^^^^^^^^^
  File "/home/airflow/.local/lib/python3.12/site-packages/airflow/operators/python.py", line 235, in execute
    return_value = self.execute_callable()
                   ^^^^^^^^^^^^^^^^^^^^^^^
  File "/home/airflow/.local/lib/python3.12/site-packages/airflow/operators/python.py", line 252, in execute_callable
    return self.python_callable(*self.op_args, **self.op_kwargs)
           ^^^^^^^^^^^^^^^^^^^^^^^^^^^^^^^^^^^^^^^^^^^^^^^^^^^^^
  File "/opt/airflow/dags/esg_files_to_parse_counter.py", line 15, in count_ESG_companies
    conn = hook.get_conn()
           ^^^^^^^^^^^^^^^
  File "/home/airflow/.local/lib/python3.12/site-packages/airflow/providers/postgres/hooks/postgres.py", line 161, in get_conn
    self.conn = psycopg2.connect(**conn_args)
                ^^^^^^^^^^^^^^^^^^^^^^^^^^^^^
  File "/home/airflow/.local/lib/python3.12/site-packages/psycopg2/__init__.py", line 122, in connect
    conn = _connect(dsn, connection_factory=connection_factory, **kwasync)
           ^^^^^^^^^^^^^^^^^^^^^^^^^^^^^^^^^^^^^^^^^^^^^^^^^^^^^^^^^^^^^^^
psycopg2.OperationalError: connection to server at "db" (172.18.0.4), port 5432 failed: FATAL:  database "esguser" does not exist

[2025-09-15T21:13:51.581+0000] {taskinstance.py:1205} INFO - Marking task as FAILED. dag_id=esg_company_counter, task_id=count_ESG_companies, execution_date=20250915T200000, start_date=20250915T211351, end_date=20250915T211351
[2025-09-15T21:13:51.593+0000] {standard_task_runner.py:110} ERROR - Failed to execute job 6 for task count_ESG_companies (connection to server at "db" (172.18.0.4), port 5432 failed: FATAL:  database "esguser" does not exist
; 49)
[2025-09-15T21:13:51.616+0000] {local_task_job_runner.py:240} INFO - Task exited with return code 1
[2025-09-15T21:13:51.635+0000] {taskinstance.py:3482} INFO - 0 downstream tasks scheduled from follow-on schedule check
[2025-09-15T21:13:51.637+0000] {local_task_job_runner.py:222} INFO - ::endgroup::
