[2025-09-15T21:28:04.607+0000] {processor.py:161} INFO - Started process (PID=75) to work on /opt/airflow/dags/min_dag.py
[2025-09-15T21:28:04.608+0000] {processor.py:830} INFO - Processing file /opt/airflow/dags/min_dag.py for tasks to queue
[2025-09-15T21:28:04.611+0000] {logging_mixin.py:188} INFO - [2025-09-15T21:28:04.610+0000] {dagbag.py:540} INFO - Filling up the DagBag from /opt/airflow/dags/min_dag.py
[2025-09-15T21:28:04.659+0000] {processor.py:840} INFO - DAG(s) 'esg_company_counter' retrieved from /opt/airflow/dags/min_dag.py
[2025-09-15T21:28:04.795+0000] {logging_mixin.py:188} INFO - [2025-09-15T21:28:04.795+0000] {dag.py:3096} INFO - Sync 1 DAGs
[2025-09-15T21:28:04.819+0000] {logging_mixin.py:188} INFO - [2025-09-15T21:28:04.819+0000] {dag.py:3954} INFO - Setting next_dagrun for esg_company_counter to 2025-09-15 00:00:00+00:00, run_after=2025-09-16 00:00:00+00:00
[2025-09-15T21:28:04.845+0000] {processor.py:183} INFO - Processing /opt/airflow/dags/min_dag.py took 0.245 seconds
[2025-09-15T21:28:35.026+0000] {processor.py:161} INFO - Started process (PID=77) to work on /opt/airflow/dags/min_dag.py
[2025-09-15T21:28:35.027+0000] {processor.py:830} INFO - Processing file /opt/airflow/dags/min_dag.py for tasks to queue
[2025-09-15T21:28:35.030+0000] {logging_mixin.py:188} INFO - [2025-09-15T21:28:35.029+0000] {dagbag.py:540} INFO - Filling up the DagBag from /opt/airflow/dags/min_dag.py
[2025-09-15T21:28:35.067+0000] {processor.py:840} INFO - DAG(s) 'esg_company_counter' retrieved from /opt/airflow/dags/min_dag.py
[2025-09-15T21:28:35.100+0000] {logging_mixin.py:188} INFO - [2025-09-15T21:28:35.100+0000] {dag.py:3096} INFO - Sync 1 DAGs
[2025-09-15T21:28:35.125+0000] {logging_mixin.py:188} INFO - [2025-09-15T21:28:35.125+0000] {dag.py:3954} INFO - Setting next_dagrun for esg_company_counter to 2025-09-15 00:00:00+00:00, run_after=2025-09-16 00:00:00+00:00
[2025-09-15T21:28:35.143+0000] {processor.py:183} INFO - Processing /opt/airflow/dags/min_dag.py took 0.126 seconds
[2025-09-15T21:29:05.323+0000] {processor.py:161} INFO - Started process (PID=79) to work on /opt/airflow/dags/min_dag.py
[2025-09-15T21:29:05.324+0000] {processor.py:830} INFO - Processing file /opt/airflow/dags/min_dag.py for tasks to queue
[2025-09-15T21:29:05.327+0000] {logging_mixin.py:188} INFO - [2025-09-15T21:29:05.326+0000] {dagbag.py:540} INFO - Filling up the DagBag from /opt/airflow/dags/min_dag.py
[2025-09-15T21:29:05.359+0000] {processor.py:840} INFO - DAG(s) 'esg_company_counter' retrieved from /opt/airflow/dags/min_dag.py
[2025-09-15T21:29:05.377+0000] {logging_mixin.py:188} INFO - [2025-09-15T21:29:05.376+0000] {dag.py:3096} INFO - Sync 1 DAGs
[2025-09-15T21:29:05.404+0000] {logging_mixin.py:188} INFO - [2025-09-15T21:29:05.404+0000] {dag.py:3954} INFO - Setting next_dagrun for esg_company_counter to 2025-09-15 00:00:00+00:00, run_after=2025-09-16 00:00:00+00:00
[2025-09-15T21:29:05.426+0000] {processor.py:183} INFO - Processing /opt/airflow/dags/min_dag.py took 0.110 seconds
[2025-09-15T21:29:15.535+0000] {processor.py:161} INFO - Started process (PID=81) to work on /opt/airflow/dags/min_dag.py
[2025-09-15T21:29:15.536+0000] {processor.py:830} INFO - Processing file /opt/airflow/dags/min_dag.py for tasks to queue
[2025-09-15T21:29:15.538+0000] {logging_mixin.py:188} INFO - [2025-09-15T21:29:15.538+0000] {dagbag.py:540} INFO - Filling up the DagBag from /opt/airflow/dags/min_dag.py
[2025-09-15T21:29:15.594+0000] {processor.py:840} INFO - DAG(s) 'esg_company_counter_test' retrieved from /opt/airflow/dags/min_dag.py
[2025-09-15T21:29:15.742+0000] {logging_mixin.py:188} INFO - [2025-09-15T21:29:15.740+0000] {override.py:1829} INFO - Created Permission View: can delete on DAG:esg_company_counter_test
[2025-09-15T21:29:15.753+0000] {logging_mixin.py:188} INFO - [2025-09-15T21:29:15.752+0000] {override.py:1829} INFO - Created Permission View: can edit on DAG:esg_company_counter_test
[2025-09-15T21:29:15.759+0000] {logging_mixin.py:188} INFO - [2025-09-15T21:29:15.759+0000] {override.py:1829} INFO - Created Permission View: can read on DAG:esg_company_counter_test
[2025-09-15T21:29:15.760+0000] {logging_mixin.py:188} INFO - [2025-09-15T21:29:15.760+0000] {dag.py:3096} INFO - Sync 1 DAGs
[2025-09-15T21:29:15.771+0000] {logging_mixin.py:188} INFO - [2025-09-15T21:29:15.770+0000] {dag.py:3118} INFO - Creating ORM DAG for esg_company_counter_test
[2025-09-15T21:29:15.782+0000] {logging_mixin.py:188} INFO - [2025-09-15T21:29:15.782+0000] {dag.py:3954} INFO - Setting next_dagrun for esg_company_counter_test to 2025-09-15 00:00:00+00:00, run_after=2025-09-16 00:00:00+00:00
[2025-09-15T21:29:15.799+0000] {processor.py:183} INFO - Processing /opt/airflow/dags/min_dag.py took 0.273 seconds
[2025-09-15T21:29:43.917+0000] {processor.py:161} INFO - Started process (PID=29) to work on /opt/airflow/dags/min_dag.py
[2025-09-15T21:29:43.919+0000] {processor.py:830} INFO - Processing file /opt/airflow/dags/min_dag.py for tasks to queue
[2025-09-15T21:29:43.922+0000] {logging_mixin.py:188} INFO - [2025-09-15T21:29:43.921+0000] {dagbag.py:540} INFO - Filling up the DagBag from /opt/airflow/dags/min_dag.py
[2025-09-15T21:29:43.955+0000] {processor.py:840} INFO - DAG(s) 'esg_company_counter_test' retrieved from /opt/airflow/dags/min_dag.py
[2025-09-15T21:29:43.991+0000] {logging_mixin.py:188} INFO - [2025-09-15T21:29:43.991+0000] {dag.py:3096} INFO - Sync 1 DAGs
[2025-09-15T21:29:44.025+0000] {logging_mixin.py:188} INFO - [2025-09-15T21:29:44.025+0000] {dag.py:3954} INFO - Setting next_dagrun for esg_company_counter_test to 2025-09-15 00:00:00+00:00, run_after=2025-09-16 00:00:00+00:00
[2025-09-15T21:29:44.053+0000] {processor.py:183} INFO - Processing /opt/airflow/dags/min_dag.py took 0.145 seconds
[2025-09-15T21:30:14.243+0000] {processor.py:161} INFO - Started process (PID=31) to work on /opt/airflow/dags/min_dag.py
[2025-09-15T21:30:14.244+0000] {processor.py:830} INFO - Processing file /opt/airflow/dags/min_dag.py for tasks to queue
[2025-09-15T21:30:14.246+0000] {logging_mixin.py:188} INFO - [2025-09-15T21:30:14.246+0000] {dagbag.py:540} INFO - Filling up the DagBag from /opt/airflow/dags/min_dag.py
[2025-09-15T21:30:14.268+0000] {processor.py:840} INFO - DAG(s) 'esg_company_counter_test' retrieved from /opt/airflow/dags/min_dag.py
[2025-09-15T21:30:14.297+0000] {logging_mixin.py:188} INFO - [2025-09-15T21:30:14.297+0000] {dag.py:3096} INFO - Sync 1 DAGs
[2025-09-15T21:30:14.323+0000] {logging_mixin.py:188} INFO - [2025-09-15T21:30:14.323+0000] {dag.py:3954} INFO - Setting next_dagrun for esg_company_counter_test to 2025-09-15 00:00:00+00:00, run_after=2025-09-16 00:00:00+00:00
[2025-09-15T21:30:14.350+0000] {processor.py:183} INFO - Processing /opt/airflow/dags/min_dag.py took 0.114 seconds
[2025-09-15T21:30:44.411+0000] {processor.py:161} INFO - Started process (PID=33) to work on /opt/airflow/dags/min_dag.py
[2025-09-15T21:30:44.412+0000] {processor.py:830} INFO - Processing file /opt/airflow/dags/min_dag.py for tasks to queue
[2025-09-15T21:30:44.414+0000] {logging_mixin.py:188} INFO - [2025-09-15T21:30:44.413+0000] {dagbag.py:540} INFO - Filling up the DagBag from /opt/airflow/dags/min_dag.py
[2025-09-15T21:30:44.434+0000] {processor.py:840} INFO - DAG(s) 'esg_company_counter_test' retrieved from /opt/airflow/dags/min_dag.py
[2025-09-15T21:30:44.472+0000] {logging_mixin.py:188} INFO - [2025-09-15T21:30:44.471+0000] {dag.py:3096} INFO - Sync 1 DAGs
[2025-09-15T21:30:44.500+0000] {logging_mixin.py:188} INFO - [2025-09-15T21:30:44.499+0000] {dag.py:3954} INFO - Setting next_dagrun for esg_company_counter_test to 2025-09-15 00:00:00+00:00, run_after=2025-09-16 00:00:00+00:00
[2025-09-15T21:30:44.520+0000] {processor.py:183} INFO - Processing /opt/airflow/dags/min_dag.py took 0.117 seconds
[2025-09-15T21:31:14.714+0000] {processor.py:161} INFO - Started process (PID=35) to work on /opt/airflow/dags/min_dag.py
[2025-09-15T21:31:14.716+0000] {processor.py:830} INFO - Processing file /opt/airflow/dags/min_dag.py for tasks to queue
[2025-09-15T21:31:14.719+0000] {logging_mixin.py:188} INFO - [2025-09-15T21:31:14.718+0000] {dagbag.py:540} INFO - Filling up the DagBag from /opt/airflow/dags/min_dag.py
[2025-09-15T21:31:14.745+0000] {processor.py:840} INFO - DAG(s) 'esg_company_counter_test' retrieved from /opt/airflow/dags/min_dag.py
[2025-09-15T21:31:14.786+0000] {logging_mixin.py:188} INFO - [2025-09-15T21:31:14.786+0000] {dag.py:3096} INFO - Sync 1 DAGs
[2025-09-15T21:31:14.815+0000] {logging_mixin.py:188} INFO - [2025-09-15T21:31:14.815+0000] {dag.py:3954} INFO - Setting next_dagrun for esg_company_counter_test to 2025-09-15 00:00:00+00:00, run_after=2025-09-16 00:00:00+00:00
[2025-09-15T21:31:14.849+0000] {processor.py:183} INFO - Processing /opt/airflow/dags/min_dag.py took 0.143 seconds
[2025-09-15T21:31:44.892+0000] {processor.py:161} INFO - Started process (PID=45) to work on /opt/airflow/dags/min_dag.py
[2025-09-15T21:31:44.893+0000] {processor.py:830} INFO - Processing file /opt/airflow/dags/min_dag.py for tasks to queue
[2025-09-15T21:31:44.895+0000] {logging_mixin.py:188} INFO - [2025-09-15T21:31:44.895+0000] {dagbag.py:540} INFO - Filling up the DagBag from /opt/airflow/dags/min_dag.py
[2025-09-15T21:31:44.915+0000] {processor.py:840} INFO - DAG(s) 'esg_company_counter_test' retrieved from /opt/airflow/dags/min_dag.py
[2025-09-15T21:31:44.947+0000] {logging_mixin.py:188} INFO - [2025-09-15T21:31:44.947+0000] {dag.py:3096} INFO - Sync 1 DAGs
[2025-09-15T21:31:44.970+0000] {logging_mixin.py:188} INFO - [2025-09-15T21:31:44.970+0000] {dag.py:3954} INFO - Setting next_dagrun for esg_company_counter_test to 2025-09-15 00:00:00+00:00, run_after=2025-09-16 00:00:00+00:00
[2025-09-15T21:31:44.992+0000] {processor.py:183} INFO - Processing /opt/airflow/dags/min_dag.py took 0.106 seconds
[2025-09-15T21:32:15.194+0000] {processor.py:161} INFO - Started process (PID=55) to work on /opt/airflow/dags/min_dag.py
[2025-09-15T21:32:15.195+0000] {processor.py:830} INFO - Processing file /opt/airflow/dags/min_dag.py for tasks to queue
[2025-09-15T21:32:15.198+0000] {logging_mixin.py:188} INFO - [2025-09-15T21:32:15.198+0000] {dagbag.py:540} INFO - Filling up the DagBag from /opt/airflow/dags/min_dag.py
[2025-09-15T21:32:15.223+0000] {processor.py:840} INFO - DAG(s) 'esg_company_counter_test' retrieved from /opt/airflow/dags/min_dag.py
[2025-09-15T21:32:15.260+0000] {logging_mixin.py:188} INFO - [2025-09-15T21:32:15.260+0000] {dag.py:3096} INFO - Sync 1 DAGs
[2025-09-15T21:32:15.284+0000] {logging_mixin.py:188} INFO - [2025-09-15T21:32:15.284+0000] {dag.py:3954} INFO - Setting next_dagrun for esg_company_counter_test to 2025-09-15 00:00:00+00:00, run_after=2025-09-16 00:00:00+00:00
[2025-09-15T21:32:15.316+0000] {processor.py:183} INFO - Processing /opt/airflow/dags/min_dag.py took 0.130 seconds
[2025-09-15T21:32:45.376+0000] {processor.py:161} INFO - Started process (PID=71) to work on /opt/airflow/dags/min_dag.py
[2025-09-15T21:32:45.378+0000] {processor.py:830} INFO - Processing file /opt/airflow/dags/min_dag.py for tasks to queue
[2025-09-15T21:32:45.380+0000] {logging_mixin.py:188} INFO - [2025-09-15T21:32:45.380+0000] {dagbag.py:540} INFO - Filling up the DagBag from /opt/airflow/dags/min_dag.py
[2025-09-15T21:32:45.402+0000] {processor.py:840} INFO - DAG(s) 'esg_company_counter_test' retrieved from /opt/airflow/dags/min_dag.py
[2025-09-15T21:32:45.436+0000] {logging_mixin.py:188} INFO - [2025-09-15T21:32:45.436+0000] {dag.py:3096} INFO - Sync 1 DAGs
[2025-09-15T21:32:45.461+0000] {logging_mixin.py:188} INFO - [2025-09-15T21:32:45.461+0000] {dag.py:3954} INFO - Setting next_dagrun for esg_company_counter_test to 2025-09-15 00:00:00+00:00, run_after=2025-09-16 00:00:00+00:00
[2025-09-15T21:32:45.481+0000] {processor.py:183} INFO - Processing /opt/airflow/dags/min_dag.py took 0.112 seconds
[2025-09-15T21:33:15.665+0000] {processor.py:161} INFO - Started process (PID=81) to work on /opt/airflow/dags/min_dag.py
[2025-09-15T21:33:15.667+0000] {processor.py:830} INFO - Processing file /opt/airflow/dags/min_dag.py for tasks to queue
[2025-09-15T21:33:15.670+0000] {logging_mixin.py:188} INFO - [2025-09-15T21:33:15.670+0000] {dagbag.py:540} INFO - Filling up the DagBag from /opt/airflow/dags/min_dag.py
[2025-09-15T21:33:15.698+0000] {processor.py:840} INFO - DAG(s) 'esg_company_counter_test' retrieved from /opt/airflow/dags/min_dag.py
[2025-09-15T21:33:15.738+0000] {logging_mixin.py:188} INFO - [2025-09-15T21:33:15.738+0000] {dag.py:3096} INFO - Sync 1 DAGs
[2025-09-15T21:33:15.767+0000] {logging_mixin.py:188} INFO - [2025-09-15T21:33:15.767+0000] {dag.py:3954} INFO - Setting next_dagrun for esg_company_counter_test to 2025-09-15 00:00:00+00:00, run_after=2025-09-16 00:00:00+00:00
[2025-09-15T21:33:15.798+0000] {processor.py:183} INFO - Processing /opt/airflow/dags/min_dag.py took 0.143 seconds
[2025-09-15T21:33:45.838+0000] {processor.py:161} INFO - Started process (PID=83) to work on /opt/airflow/dags/min_dag.py
[2025-09-15T21:33:45.839+0000] {processor.py:830} INFO - Processing file /opt/airflow/dags/min_dag.py for tasks to queue
[2025-09-15T21:33:45.841+0000] {logging_mixin.py:188} INFO - [2025-09-15T21:33:45.841+0000] {dagbag.py:540} INFO - Filling up the DagBag from /opt/airflow/dags/min_dag.py
[2025-09-15T21:33:45.862+0000] {processor.py:840} INFO - DAG(s) 'esg_company_counter_test' retrieved from /opt/airflow/dags/min_dag.py
[2025-09-15T21:33:45.895+0000] {logging_mixin.py:188} INFO - [2025-09-15T21:33:45.895+0000] {dag.py:3096} INFO - Sync 1 DAGs
[2025-09-15T21:33:45.919+0000] {logging_mixin.py:188} INFO - [2025-09-15T21:33:45.919+0000] {dag.py:3954} INFO - Setting next_dagrun for esg_company_counter_test to 2025-09-15 00:00:00+00:00, run_after=2025-09-16 00:00:00+00:00
[2025-09-15T21:33:45.939+0000] {processor.py:183} INFO - Processing /opt/airflow/dags/min_dag.py took 0.108 seconds
[2025-09-15T21:34:16.120+0000] {processor.py:161} INFO - Started process (PID=85) to work on /opt/airflow/dags/min_dag.py
[2025-09-15T21:34:16.121+0000] {processor.py:830} INFO - Processing file /opt/airflow/dags/min_dag.py for tasks to queue
[2025-09-15T21:34:16.125+0000] {logging_mixin.py:188} INFO - [2025-09-15T21:34:16.124+0000] {dagbag.py:540} INFO - Filling up the DagBag from /opt/airflow/dags/min_dag.py
[2025-09-15T21:34:16.147+0000] {processor.py:840} INFO - DAG(s) 'esg_company_counter_test' retrieved from /opt/airflow/dags/min_dag.py
[2025-09-15T21:34:16.181+0000] {logging_mixin.py:188} INFO - [2025-09-15T21:34:16.181+0000] {dag.py:3096} INFO - Sync 1 DAGs
[2025-09-15T21:34:16.204+0000] {logging_mixin.py:188} INFO - [2025-09-15T21:34:16.204+0000] {dag.py:3954} INFO - Setting next_dagrun for esg_company_counter_test to 2025-09-15 00:00:00+00:00, run_after=2025-09-16 00:00:00+00:00
[2025-09-15T21:34:16.225+0000] {processor.py:183} INFO - Processing /opt/airflow/dags/min_dag.py took 0.113 seconds
[2025-09-15T21:34:46.439+0000] {processor.py:161} INFO - Started process (PID=87) to work on /opt/airflow/dags/min_dag.py
[2025-09-15T21:34:46.440+0000] {processor.py:830} INFO - Processing file /opt/airflow/dags/min_dag.py for tasks to queue
[2025-09-15T21:34:46.442+0000] {logging_mixin.py:188} INFO - [2025-09-15T21:34:46.441+0000] {dagbag.py:540} INFO - Filling up the DagBag from /opt/airflow/dags/min_dag.py
[2025-09-15T21:34:46.463+0000] {processor.py:840} INFO - DAG(s) 'esg_company_counter_test' retrieved from /opt/airflow/dags/min_dag.py
[2025-09-15T21:34:46.496+0000] {logging_mixin.py:188} INFO - [2025-09-15T21:34:46.496+0000] {dag.py:3096} INFO - Sync 1 DAGs
[2025-09-15T21:34:46.520+0000] {logging_mixin.py:188} INFO - [2025-09-15T21:34:46.520+0000] {dag.py:3954} INFO - Setting next_dagrun for esg_company_counter_test to 2025-09-15 00:00:00+00:00, run_after=2025-09-16 00:00:00+00:00
[2025-09-15T21:34:46.542+0000] {processor.py:183} INFO - Processing /opt/airflow/dags/min_dag.py took 0.110 seconds
[2025-09-15T21:35:16.729+0000] {processor.py:161} INFO - Started process (PID=89) to work on /opt/airflow/dags/min_dag.py
[2025-09-15T21:35:16.731+0000] {processor.py:830} INFO - Processing file /opt/airflow/dags/min_dag.py for tasks to queue
[2025-09-15T21:35:16.733+0000] {logging_mixin.py:188} INFO - [2025-09-15T21:35:16.733+0000] {dagbag.py:540} INFO - Filling up the DagBag from /opt/airflow/dags/min_dag.py
[2025-09-15T21:35:16.755+0000] {processor.py:840} INFO - DAG(s) 'esg_company_counter_test' retrieved from /opt/airflow/dags/min_dag.py
[2025-09-15T21:35:16.802+0000] {logging_mixin.py:188} INFO - [2025-09-15T21:35:16.802+0000] {dag.py:3096} INFO - Sync 1 DAGs
[2025-09-15T21:35:16.839+0000] {logging_mixin.py:188} INFO - [2025-09-15T21:35:16.838+0000] {dag.py:3954} INFO - Setting next_dagrun for esg_company_counter_test to 2025-09-15 00:00:00+00:00, run_after=2025-09-16 00:00:00+00:00
[2025-09-15T21:35:16.878+0000] {processor.py:183} INFO - Processing /opt/airflow/dags/min_dag.py took 0.158 seconds
[2025-09-15T21:35:47.037+0000] {processor.py:161} INFO - Started process (PID=91) to work on /opt/airflow/dags/min_dag.py
[2025-09-15T21:35:47.038+0000] {processor.py:830} INFO - Processing file /opt/airflow/dags/min_dag.py for tasks to queue
[2025-09-15T21:35:47.041+0000] {logging_mixin.py:188} INFO - [2025-09-15T21:35:47.040+0000] {dagbag.py:540} INFO - Filling up the DagBag from /opt/airflow/dags/min_dag.py
[2025-09-15T21:35:47.064+0000] {processor.py:840} INFO - DAG(s) 'esg_company_counter_test' retrieved from /opt/airflow/dags/min_dag.py
[2025-09-15T21:35:47.104+0000] {logging_mixin.py:188} INFO - [2025-09-15T21:35:47.103+0000] {dag.py:3096} INFO - Sync 1 DAGs
[2025-09-15T21:35:47.141+0000] {logging_mixin.py:188} INFO - [2025-09-15T21:35:47.141+0000] {dag.py:3954} INFO - Setting next_dagrun for esg_company_counter_test to 2025-09-15 00:00:00+00:00, run_after=2025-09-16 00:00:00+00:00
[2025-09-15T21:35:47.176+0000] {processor.py:183} INFO - Processing /opt/airflow/dags/min_dag.py took 0.146 seconds
[2025-09-15T21:36:17.372+0000] {processor.py:161} INFO - Started process (PID=93) to work on /opt/airflow/dags/min_dag.py
[2025-09-15T21:36:17.373+0000] {processor.py:830} INFO - Processing file /opt/airflow/dags/min_dag.py for tasks to queue
[2025-09-15T21:36:17.375+0000] {logging_mixin.py:188} INFO - [2025-09-15T21:36:17.375+0000] {dagbag.py:540} INFO - Filling up the DagBag from /opt/airflow/dags/min_dag.py
[2025-09-15T21:36:17.400+0000] {processor.py:840} INFO - DAG(s) 'esg_company_counter_test' retrieved from /opt/airflow/dags/min_dag.py
[2025-09-15T21:36:17.441+0000] {logging_mixin.py:188} INFO - [2025-09-15T21:36:17.441+0000] {dag.py:3096} INFO - Sync 1 DAGs
[2025-09-15T21:36:17.473+0000] {logging_mixin.py:188} INFO - [2025-09-15T21:36:17.472+0000] {dag.py:3954} INFO - Setting next_dagrun for esg_company_counter_test to 2025-09-15 00:00:00+00:00, run_after=2025-09-16 00:00:00+00:00
[2025-09-15T21:36:17.497+0000] {processor.py:183} INFO - Processing /opt/airflow/dags/min_dag.py took 0.133 seconds
[2025-09-15T21:36:47.681+0000] {processor.py:161} INFO - Started process (PID=95) to work on /opt/airflow/dags/min_dag.py
[2025-09-15T21:36:47.683+0000] {processor.py:830} INFO - Processing file /opt/airflow/dags/min_dag.py for tasks to queue
[2025-09-15T21:36:47.687+0000] {logging_mixin.py:188} INFO - [2025-09-15T21:36:47.686+0000] {dagbag.py:540} INFO - Filling up the DagBag from /opt/airflow/dags/min_dag.py
[2025-09-15T21:36:47.719+0000] {processor.py:840} INFO - DAG(s) 'esg_company_counter_test' retrieved from /opt/airflow/dags/min_dag.py
[2025-09-15T21:36:47.772+0000] {logging_mixin.py:188} INFO - [2025-09-15T21:36:47.772+0000] {dag.py:3096} INFO - Sync 1 DAGs
[2025-09-15T21:36:47.811+0000] {logging_mixin.py:188} INFO - [2025-09-15T21:36:47.811+0000] {dag.py:3954} INFO - Setting next_dagrun for esg_company_counter_test to 2025-09-15 00:00:00+00:00, run_after=2025-09-16 00:00:00+00:00
[2025-09-15T21:36:47.857+0000] {processor.py:183} INFO - Processing /opt/airflow/dags/min_dag.py took 0.188 seconds
[2025-09-15T21:37:18.021+0000] {processor.py:161} INFO - Started process (PID=97) to work on /opt/airflow/dags/min_dag.py
[2025-09-15T21:37:18.022+0000] {processor.py:830} INFO - Processing file /opt/airflow/dags/min_dag.py for tasks to queue
[2025-09-15T21:37:18.025+0000] {logging_mixin.py:188} INFO - [2025-09-15T21:37:18.024+0000] {dagbag.py:540} INFO - Filling up the DagBag from /opt/airflow/dags/min_dag.py
[2025-09-15T21:37:18.047+0000] {processor.py:840} INFO - DAG(s) 'esg_company_counter_test' retrieved from /opt/airflow/dags/min_dag.py
[2025-09-15T21:37:18.077+0000] {logging_mixin.py:188} INFO - [2025-09-15T21:37:18.077+0000] {dag.py:3096} INFO - Sync 1 DAGs
[2025-09-15T21:37:18.100+0000] {logging_mixin.py:188} INFO - [2025-09-15T21:37:18.100+0000] {dag.py:3954} INFO - Setting next_dagrun for esg_company_counter_test to 2025-09-15 00:00:00+00:00, run_after=2025-09-16 00:00:00+00:00
[2025-09-15T21:37:18.127+0000] {processor.py:183} INFO - Processing /opt/airflow/dags/min_dag.py took 0.113 seconds
[2025-09-15T21:37:48.195+0000] {processor.py:161} INFO - Started process (PID=99) to work on /opt/airflow/dags/min_dag.py
[2025-09-15T21:37:48.201+0000] {processor.py:830} INFO - Processing file /opt/airflow/dags/min_dag.py for tasks to queue
[2025-09-15T21:37:48.204+0000] {logging_mixin.py:188} INFO - [2025-09-15T21:37:48.203+0000] {dagbag.py:540} INFO - Filling up the DagBag from /opt/airflow/dags/min_dag.py
[2025-09-15T21:37:48.225+0000] {processor.py:840} INFO - DAG(s) 'esg_company_counter_test' retrieved from /opt/airflow/dags/min_dag.py
[2025-09-15T21:37:48.256+0000] {logging_mixin.py:188} INFO - [2025-09-15T21:37:48.256+0000] {dag.py:3096} INFO - Sync 1 DAGs
[2025-09-15T21:37:48.280+0000] {logging_mixin.py:188} INFO - [2025-09-15T21:37:48.280+0000] {dag.py:3954} INFO - Setting next_dagrun for esg_company_counter_test to 2025-09-15 00:00:00+00:00, run_after=2025-09-16 00:00:00+00:00
[2025-09-15T21:37:48.299+0000] {processor.py:183} INFO - Processing /opt/airflow/dags/min_dag.py took 0.111 seconds
[2025-09-15T21:38:18.420+0000] {processor.py:161} INFO - Started process (PID=101) to work on /opt/airflow/dags/min_dag.py
[2025-09-15T21:38:18.421+0000] {processor.py:830} INFO - Processing file /opt/airflow/dags/min_dag.py for tasks to queue
[2025-09-15T21:38:18.424+0000] {logging_mixin.py:188} INFO - [2025-09-15T21:38:18.423+0000] {dagbag.py:540} INFO - Filling up the DagBag from /opt/airflow/dags/min_dag.py
[2025-09-15T21:38:18.448+0000] {processor.py:840} INFO - DAG(s) 'esg_company_counter_test' retrieved from /opt/airflow/dags/min_dag.py
[2025-09-15T21:38:18.483+0000] {logging_mixin.py:188} INFO - [2025-09-15T21:38:18.482+0000] {dag.py:3096} INFO - Sync 1 DAGs
[2025-09-15T21:38:18.514+0000] {logging_mixin.py:188} INFO - [2025-09-15T21:38:18.514+0000] {dag.py:3954} INFO - Setting next_dagrun for esg_company_counter_test to 2025-09-15 00:00:00+00:00, run_after=2025-09-16 00:00:00+00:00
[2025-09-15T21:38:18.604+0000] {processor.py:183} INFO - Processing /opt/airflow/dags/min_dag.py took 0.190 seconds
[2025-09-15T21:38:48.771+0000] {processor.py:161} INFO - Started process (PID=103) to work on /opt/airflow/dags/min_dag.py
[2025-09-15T21:38:48.772+0000] {processor.py:830} INFO - Processing file /opt/airflow/dags/min_dag.py for tasks to queue
[2025-09-15T21:38:48.774+0000] {logging_mixin.py:188} INFO - [2025-09-15T21:38:48.774+0000] {dagbag.py:540} INFO - Filling up the DagBag from /opt/airflow/dags/min_dag.py
[2025-09-15T21:38:48.797+0000] {processor.py:840} INFO - DAG(s) 'esg_company_counter_test' retrieved from /opt/airflow/dags/min_dag.py
[2025-09-15T21:38:48.833+0000] {logging_mixin.py:188} INFO - [2025-09-15T21:38:48.833+0000] {dag.py:3096} INFO - Sync 1 DAGs
[2025-09-15T21:38:48.862+0000] {logging_mixin.py:188} INFO - [2025-09-15T21:38:48.862+0000] {dag.py:3954} INFO - Setting next_dagrun for esg_company_counter_test to 2025-09-15 00:00:00+00:00, run_after=2025-09-16 00:00:00+00:00
[2025-09-15T21:38:48.893+0000] {processor.py:183} INFO - Processing /opt/airflow/dags/min_dag.py took 0.130 seconds
[2025-09-15T21:39:18.947+0000] {processor.py:161} INFO - Started process (PID=105) to work on /opt/airflow/dags/min_dag.py
[2025-09-15T21:39:18.948+0000] {processor.py:830} INFO - Processing file /opt/airflow/dags/min_dag.py for tasks to queue
[2025-09-15T21:39:18.950+0000] {logging_mixin.py:188} INFO - [2025-09-15T21:39:18.950+0000] {dagbag.py:540} INFO - Filling up the DagBag from /opt/airflow/dags/min_dag.py
[2025-09-15T21:39:18.970+0000] {processor.py:840} INFO - DAG(s) 'esg_company_counter_test' retrieved from /opt/airflow/dags/min_dag.py
[2025-09-15T21:39:18.998+0000] {logging_mixin.py:188} INFO - [2025-09-15T21:39:18.998+0000] {dag.py:3096} INFO - Sync 1 DAGs
[2025-09-15T21:39:19.019+0000] {logging_mixin.py:188} INFO - [2025-09-15T21:39:19.019+0000] {dag.py:3954} INFO - Setting next_dagrun for esg_company_counter_test to 2025-09-15 00:00:00+00:00, run_after=2025-09-16 00:00:00+00:00
[2025-09-15T21:39:19.038+0000] {processor.py:183} INFO - Processing /opt/airflow/dags/min_dag.py took 0.098 seconds
[2025-09-15T21:39:49.252+0000] {processor.py:161} INFO - Started process (PID=107) to work on /opt/airflow/dags/min_dag.py
[2025-09-15T21:39:49.253+0000] {processor.py:830} INFO - Processing file /opt/airflow/dags/min_dag.py for tasks to queue
[2025-09-15T21:39:49.255+0000] {logging_mixin.py:188} INFO - [2025-09-15T21:39:49.254+0000] {dagbag.py:540} INFO - Filling up the DagBag from /opt/airflow/dags/min_dag.py
[2025-09-15T21:39:49.276+0000] {processor.py:840} INFO - DAG(s) 'esg_company_counter_test' retrieved from /opt/airflow/dags/min_dag.py
[2025-09-15T21:39:49.307+0000] {logging_mixin.py:188} INFO - [2025-09-15T21:39:49.307+0000] {dag.py:3096} INFO - Sync 1 DAGs
[2025-09-15T21:39:49.332+0000] {logging_mixin.py:188} INFO - [2025-09-15T21:39:49.332+0000] {dag.py:3954} INFO - Setting next_dagrun for esg_company_counter_test to 2025-09-15 00:00:00+00:00, run_after=2025-09-16 00:00:00+00:00
[2025-09-15T21:39:49.351+0000] {processor.py:183} INFO - Processing /opt/airflow/dags/min_dag.py took 0.107 seconds
[2025-09-15T21:40:19.545+0000] {processor.py:161} INFO - Started process (PID=109) to work on /opt/airflow/dags/min_dag.py
[2025-09-15T21:40:19.546+0000] {processor.py:830} INFO - Processing file /opt/airflow/dags/min_dag.py for tasks to queue
[2025-09-15T21:40:19.550+0000] {logging_mixin.py:188} INFO - [2025-09-15T21:40:19.549+0000] {dagbag.py:540} INFO - Filling up the DagBag from /opt/airflow/dags/min_dag.py
[2025-09-15T21:40:19.579+0000] {processor.py:840} INFO - DAG(s) 'esg_company_counter_test' retrieved from /opt/airflow/dags/min_dag.py
[2025-09-15T21:40:19.620+0000] {logging_mixin.py:188} INFO - [2025-09-15T21:40:19.620+0000] {dag.py:3096} INFO - Sync 1 DAGs
[2025-09-15T21:40:19.646+0000] {logging_mixin.py:188} INFO - [2025-09-15T21:40:19.645+0000] {dag.py:3954} INFO - Setting next_dagrun for esg_company_counter_test to 2025-09-15 00:00:00+00:00, run_after=2025-09-16 00:00:00+00:00
[2025-09-15T21:40:19.678+0000] {processor.py:183} INFO - Processing /opt/airflow/dags/min_dag.py took 0.143 seconds
[2025-09-15T21:40:49.725+0000] {processor.py:161} INFO - Started process (PID=119) to work on /opt/airflow/dags/min_dag.py
[2025-09-15T21:40:49.726+0000] {processor.py:830} INFO - Processing file /opt/airflow/dags/min_dag.py for tasks to queue
[2025-09-15T21:40:49.730+0000] {logging_mixin.py:188} INFO - [2025-09-15T21:40:49.729+0000] {dagbag.py:540} INFO - Filling up the DagBag from /opt/airflow/dags/min_dag.py
[2025-09-15T21:40:49.754+0000] {processor.py:840} INFO - DAG(s) 'esg_company_counter_test' retrieved from /opt/airflow/dags/min_dag.py
[2025-09-15T21:40:49.792+0000] {logging_mixin.py:188} INFO - [2025-09-15T21:40:49.792+0000] {dag.py:3096} INFO - Sync 1 DAGs
[2025-09-15T21:40:49.822+0000] {logging_mixin.py:188} INFO - [2025-09-15T21:40:49.822+0000] {dag.py:3954} INFO - Setting next_dagrun for esg_company_counter_test to 2025-09-15 00:00:00+00:00, run_after=2025-09-16 00:00:00+00:00
[2025-09-15T21:40:49.860+0000] {processor.py:183} INFO - Processing /opt/airflow/dags/min_dag.py took 0.144 seconds
[2025-09-15T21:41:20.057+0000] {processor.py:161} INFO - Started process (PID=121) to work on /opt/airflow/dags/min_dag.py
[2025-09-15T21:41:20.058+0000] {processor.py:830} INFO - Processing file /opt/airflow/dags/min_dag.py for tasks to queue
[2025-09-15T21:41:20.061+0000] {logging_mixin.py:188} INFO - [2025-09-15T21:41:20.061+0000] {dagbag.py:540} INFO - Filling up the DagBag from /opt/airflow/dags/min_dag.py
[2025-09-15T21:41:20.092+0000] {processor.py:840} INFO - DAG(s) 'esg_company_counter_test' retrieved from /opt/airflow/dags/min_dag.py
[2025-09-15T21:41:20.137+0000] {logging_mixin.py:188} INFO - [2025-09-15T21:41:20.137+0000] {dag.py:3096} INFO - Sync 1 DAGs
[2025-09-15T21:41:20.173+0000] {logging_mixin.py:188} INFO - [2025-09-15T21:41:20.173+0000] {dag.py:3954} INFO - Setting next_dagrun for esg_company_counter_test to 2025-09-15 00:00:00+00:00, run_after=2025-09-16 00:00:00+00:00
[2025-09-15T21:41:20.207+0000] {processor.py:183} INFO - Processing /opt/airflow/dags/min_dag.py took 0.160 seconds
[2025-09-15T21:41:50.248+0000] {processor.py:161} INFO - Started process (PID=123) to work on /opt/airflow/dags/min_dag.py
[2025-09-15T21:41:50.249+0000] {processor.py:830} INFO - Processing file /opt/airflow/dags/min_dag.py for tasks to queue
[2025-09-15T21:41:50.252+0000] {logging_mixin.py:188} INFO - [2025-09-15T21:41:50.251+0000] {dagbag.py:540} INFO - Filling up the DagBag from /opt/airflow/dags/min_dag.py
[2025-09-15T21:41:50.271+0000] {processor.py:840} INFO - DAG(s) 'esg_company_counter_test' retrieved from /opt/airflow/dags/min_dag.py
[2025-09-15T21:41:50.302+0000] {logging_mixin.py:188} INFO - [2025-09-15T21:41:50.302+0000] {dag.py:3096} INFO - Sync 1 DAGs
[2025-09-15T21:41:50.330+0000] {logging_mixin.py:188} INFO - [2025-09-15T21:41:50.330+0000] {dag.py:3954} INFO - Setting next_dagrun for esg_company_counter_test to 2025-09-15 00:00:00+00:00, run_after=2025-09-16 00:00:00+00:00
[2025-09-15T21:41:50.354+0000] {processor.py:183} INFO - Processing /opt/airflow/dags/min_dag.py took 0.112 seconds
[2025-09-15T21:42:20.539+0000] {processor.py:161} INFO - Started process (PID=125) to work on /opt/airflow/dags/min_dag.py
[2025-09-15T21:42:20.547+0000] {processor.py:830} INFO - Processing file /opt/airflow/dags/min_dag.py for tasks to queue
[2025-09-15T21:42:20.549+0000] {logging_mixin.py:188} INFO - [2025-09-15T21:42:20.549+0000] {dagbag.py:540} INFO - Filling up the DagBag from /opt/airflow/dags/min_dag.py
[2025-09-15T21:42:20.576+0000] {processor.py:840} INFO - DAG(s) 'esg_company_counter_test' retrieved from /opt/airflow/dags/min_dag.py
[2025-09-15T21:42:20.628+0000] {logging_mixin.py:188} INFO - [2025-09-15T21:42:20.628+0000] {dag.py:3096} INFO - Sync 1 DAGs
[2025-09-15T21:42:20.661+0000] {logging_mixin.py:188} INFO - [2025-09-15T21:42:20.661+0000] {dag.py:3954} INFO - Setting next_dagrun for esg_company_counter_test to 2025-09-15 00:00:00+00:00, run_after=2025-09-16 00:00:00+00:00
[2025-09-15T21:42:20.687+0000] {processor.py:183} INFO - Processing /opt/airflow/dags/min_dag.py took 0.157 seconds
[2025-09-15T21:42:50.871+0000] {processor.py:161} INFO - Started process (PID=135) to work on /opt/airflow/dags/min_dag.py
[2025-09-15T21:42:50.873+0000] {processor.py:830} INFO - Processing file /opt/airflow/dags/min_dag.py for tasks to queue
[2025-09-15T21:42:50.876+0000] {logging_mixin.py:188} INFO - [2025-09-15T21:42:50.875+0000] {dagbag.py:540} INFO - Filling up the DagBag from /opt/airflow/dags/min_dag.py
[2025-09-15T21:42:50.898+0000] {processor.py:840} INFO - DAG(s) 'esg_company_counter_test' retrieved from /opt/airflow/dags/min_dag.py
[2025-09-15T21:42:50.935+0000] {logging_mixin.py:188} INFO - [2025-09-15T21:42:50.935+0000] {dag.py:3096} INFO - Sync 1 DAGs
[2025-09-15T21:42:50.961+0000] {logging_mixin.py:188} INFO - [2025-09-15T21:42:50.961+0000] {dag.py:3954} INFO - Setting next_dagrun for esg_company_counter_test to 2025-09-15 00:00:00+00:00, run_after=2025-09-16 00:00:00+00:00
[2025-09-15T21:42:50.992+0000] {processor.py:183} INFO - Processing /opt/airflow/dags/min_dag.py took 0.130 seconds
[2025-09-15T21:43:21.054+0000] {processor.py:161} INFO - Started process (PID=137) to work on /opt/airflow/dags/min_dag.py
[2025-09-15T21:43:21.056+0000] {processor.py:830} INFO - Processing file /opt/airflow/dags/min_dag.py for tasks to queue
[2025-09-15T21:43:21.059+0000] {logging_mixin.py:188} INFO - [2025-09-15T21:43:21.059+0000] {dagbag.py:540} INFO - Filling up the DagBag from /opt/airflow/dags/min_dag.py
[2025-09-15T21:43:21.115+0000] {processor.py:840} INFO - DAG(s) 'esg_company_counter_test' retrieved from /opt/airflow/dags/min_dag.py
[2025-09-15T21:43:21.174+0000] {logging_mixin.py:188} INFO - [2025-09-15T21:43:21.174+0000] {dag.py:3096} INFO - Sync 1 DAGs
[2025-09-15T21:43:21.216+0000] {logging_mixin.py:188} INFO - [2025-09-15T21:43:21.216+0000] {dag.py:3954} INFO - Setting next_dagrun for esg_company_counter_test to 2025-09-15 00:00:00+00:00, run_after=2025-09-16 00:00:00+00:00
[2025-09-15T21:43:21.256+0000] {processor.py:183} INFO - Processing /opt/airflow/dags/min_dag.py took 0.209 seconds
[2025-09-15T21:43:51.362+0000] {processor.py:161} INFO - Started process (PID=139) to work on /opt/airflow/dags/min_dag.py
[2025-09-15T21:43:51.364+0000] {processor.py:830} INFO - Processing file /opt/airflow/dags/min_dag.py for tasks to queue
[2025-09-15T21:43:51.366+0000] {logging_mixin.py:188} INFO - [2025-09-15T21:43:51.365+0000] {dagbag.py:540} INFO - Filling up the DagBag from /opt/airflow/dags/min_dag.py
[2025-09-15T21:43:51.384+0000] {processor.py:840} INFO - DAG(s) 'esg_company_counter_test' retrieved from /opt/airflow/dags/min_dag.py
[2025-09-15T21:43:51.413+0000] {logging_mixin.py:188} INFO - [2025-09-15T21:43:51.413+0000] {dag.py:3096} INFO - Sync 1 DAGs
[2025-09-15T21:43:51.437+0000] {logging_mixin.py:188} INFO - [2025-09-15T21:43:51.437+0000] {dag.py:3954} INFO - Setting next_dagrun for esg_company_counter_test to 2025-09-15 00:00:00+00:00, run_after=2025-09-16 00:00:00+00:00
[2025-09-15T21:43:51.465+0000] {processor.py:183} INFO - Processing /opt/airflow/dags/min_dag.py took 0.109 seconds
[2025-09-15T21:44:21.585+0000] {processor.py:161} INFO - Started process (PID=145) to work on /opt/airflow/dags/min_dag.py
[2025-09-15T21:44:21.586+0000] {processor.py:830} INFO - Processing file /opt/airflow/dags/min_dag.py for tasks to queue
[2025-09-15T21:44:21.588+0000] {logging_mixin.py:188} INFO - [2025-09-15T21:44:21.588+0000] {dagbag.py:540} INFO - Filling up the DagBag from /opt/airflow/dags/min_dag.py
[2025-09-15T21:44:21.611+0000] {processor.py:840} INFO - DAG(s) 'esg_company_counter_test' retrieved from /opt/airflow/dags/min_dag.py
[2025-09-15T21:44:21.644+0000] {logging_mixin.py:188} INFO - [2025-09-15T21:44:21.644+0000] {dag.py:3096} INFO - Sync 1 DAGs
[2025-09-15T21:44:21.669+0000] {logging_mixin.py:188} INFO - [2025-09-15T21:44:21.669+0000] {dag.py:3954} INFO - Setting next_dagrun for esg_company_counter_test to 2025-09-15 00:00:00+00:00, run_after=2025-09-16 00:00:00+00:00
[2025-09-15T21:44:21.690+0000] {processor.py:183} INFO - Processing /opt/airflow/dags/min_dag.py took 0.112 seconds
