[2025-09-15T20:49:41.628+0000] {manager.py:470} INFO - Processing files using up to 2 processes at a time 
[2025-09-15T20:49:41.630+0000] {manager.py:471} INFO - Process each file at most once every 30 seconds
[2025-09-15T20:49:41.631+0000] {manager.py:472} INFO - Checking for new files in /opt/airflow/dags every 300 seconds
[2025-09-15T20:49:41.632+0000] {manager.py:737} INFO - Searching for files in /opt/airflow/dags
[2025-09-15T20:49:41.641+0000] {manager.py:740} INFO - There are 0 files in /opt/airflow/dags
[2025-09-15T20:54:41.652+0000] {manager.py:737} INFO - Searching for files in /opt/airflow/dags
[2025-09-15T20:54:41.676+0000] {manager.py:740} INFO - There are 0 files in /opt/airflow/dags
[2025-09-15T20:59:42.603+0000] {manager.py:737} INFO - Searching for files in /opt/airflow/dags
[2025-09-15T20:59:42.613+0000] {manager.py:740} INFO - There are 1 files in /opt/airflow/dags
[2025-09-15T20:59:43.666+0000] {manager.py:878} INFO - 
================================================================================
DAG File Processing Stats

File Path                                        PID    Runtime      # DAGs    # Errors  Last Runtime    Last Run
-----------------------------------------------  -----  ---------  --------  ----------  --------------  -------------------
/opt/airflow/dags/esg_files_to_parse_counter.py                           0           1  0.13s           2025-09-15T20:59:42
================================================================================
[2025-09-15T21:00:13.884+0000] {manager.py:878} INFO - 
================================================================================
DAG File Processing Stats

File Path                                        PID    Runtime      # DAGs    # Errors  Last Runtime    Last Run
-----------------------------------------------  -----  ---------  --------  ----------  --------------  -------------------
/opt/airflow/dags/esg_files_to_parse_counter.py                           0           1  0.09s           2025-09-15T21:00:12
================================================================================
[2025-09-15T21:00:44.059+0000] {manager.py:878} INFO - 
================================================================================
DAG File Processing Stats

File Path                                        PID    Runtime      # DAGs    # Errors  Last Runtime    Last Run
-----------------------------------------------  -----  ---------  --------  ----------  --------------  -------------------
/opt/airflow/dags/esg_files_to_parse_counter.py                           0           1  0.09s           2025-09-15T21:00:43
================================================================================
[2025-09-15T21:01:14.196+0000] {manager.py:878} INFO - 
================================================================================
DAG File Processing Stats

File Path                                        PID    Runtime      # DAGs    # Errors  Last Runtime    Last Run
-----------------------------------------------  -----  ---------  --------  ----------  --------------  -------------------
/opt/airflow/dags/esg_files_to_parse_counter.py                           0           1  0.09s           2025-09-15T21:01:13
================================================================================
[2025-09-15T21:01:44.381+0000] {manager.py:878} INFO - 
================================================================================
DAG File Processing Stats

File Path                                        PID    Runtime      # DAGs    # Errors  Last Runtime    Last Run
-----------------------------------------------  -----  ---------  --------  ----------  --------------  -------------------
/opt/airflow/dags/esg_files_to_parse_counter.py                           0           1  0.10s           2025-09-15T21:01:43
================================================================================
[2025-09-15T21:02:14.524+0000] {manager.py:878} INFO - 
================================================================================
DAG File Processing Stats

File Path                                        PID    Runtime      # DAGs    # Errors  Last Runtime    Last Run
-----------------------------------------------  -----  ---------  --------  ----------  --------------  -------------------
/opt/airflow/dags/esg_files_to_parse_counter.py                           0           1  0.10s           2025-09-15T21:02:13
================================================================================
[2025-09-15T21:02:44.716+0000] {manager.py:878} INFO - 
================================================================================
DAG File Processing Stats

File Path                                        PID    Runtime      # DAGs    # Errors  Last Runtime    Last Run
-----------------------------------------------  -----  ---------  --------  ----------  --------------  -------------------
/opt/airflow/dags/esg_files_to_parse_counter.py                           0           1  0.12s           2025-09-15T21:02:43
================================================================================
[2025-09-15T21:03:14.876+0000] {manager.py:878} INFO - 
================================================================================
DAG File Processing Stats

File Path                                        PID    Runtime      # DAGs    # Errors  Last Runtime    Last Run
-----------------------------------------------  -----  ---------  --------  ----------  --------------  -------------------
/opt/airflow/dags/esg_files_to_parse_counter.py                           0           1  0.10s           2025-09-15T21:03:13
================================================================================
[2025-09-15T21:03:45.054+0000] {manager.py:878} INFO - 
================================================================================
DAG File Processing Stats

File Path                                        PID    Runtime      # DAGs    # Errors  Last Runtime    Last Run
-----------------------------------------------  -----  ---------  --------  ----------  --------------  -------------------
/opt/airflow/dags/esg_files_to_parse_counter.py                           0           1  0.09s           2025-09-15T21:03:44
================================================================================
[2025-09-15T21:04:15.203+0000] {manager.py:878} INFO - 
================================================================================
DAG File Processing Stats

File Path                                        PID    Runtime      # DAGs    # Errors  Last Runtime    Last Run
-----------------------------------------------  -----  ---------  --------  ----------  --------------  -------------------
/opt/airflow/dags/esg_files_to_parse_counter.py                           0           1  0.08s           2025-09-15T21:04:14
================================================================================
[2025-09-15T21:04:43.307+0000] {manager.py:737} INFO - Searching for files in /opt/airflow/dags
[2025-09-15T21:04:43.330+0000] {manager.py:740} INFO - There are 1 files in /opt/airflow/dags
[2025-09-15T21:04:45.377+0000] {manager.py:878} INFO - 
================================================================================
DAG File Processing Stats

File Path                                        PID    Runtime      # DAGs    # Errors  Last Runtime    Last Run
-----------------------------------------------  -----  ---------  --------  ----------  --------------  -------------------
/opt/airflow/dags/esg_files_to_parse_counter.py                           0           1  0.08s           2025-09-15T21:04:44
================================================================================
[2025-09-15T21:05:15.536+0000] {manager.py:878} INFO - 
================================================================================
DAG File Processing Stats

File Path                                        PID    Runtime      # DAGs    # Errors  Last Runtime    Last Run
-----------------------------------------------  -----  ---------  --------  ----------  --------------  -------------------
/opt/airflow/dags/esg_files_to_parse_counter.py                           0           1  0.08s           2025-09-15T21:05:14
================================================================================
[2025-09-15T21:05:45.680+0000] {manager.py:878} INFO - 
================================================================================
DAG File Processing Stats

File Path                                        PID    Runtime      # DAGs    # Errors  Last Runtime    Last Run
-----------------------------------------------  -----  ---------  --------  ----------  --------------  -------------------
/opt/airflow/dags/esg_files_to_parse_counter.py                           0           1  0.08s           2025-09-15T21:05:44
================================================================================
[2025-09-15T21:06:15.840+0000] {manager.py:878} INFO - 
================================================================================
DAG File Processing Stats

File Path                                        PID    Runtime      # DAGs    # Errors  Last Runtime    Last Run
-----------------------------------------------  -----  ---------  --------  ----------  --------------  -------------------
/opt/airflow/dags/esg_files_to_parse_counter.py                           0           1  0.08s           2025-09-15T21:06:14
================================================================================
[2025-09-15T21:06:45.985+0000] {manager.py:878} INFO - 
================================================================================
DAG File Processing Stats

File Path                                        PID    Runtime      # DAGs    # Errors  Last Runtime    Last Run
-----------------------------------------------  -----  ---------  --------  ----------  --------------  -------------------
/opt/airflow/dags/esg_files_to_parse_counter.py                           0           1  0.08s           2025-09-15T21:06:45
================================================================================
[2025-09-15T21:07:16.228+0000] {manager.py:878} INFO - 
================================================================================
DAG File Processing Stats

File Path                                        PID    Runtime      # DAGs    # Errors  Last Runtime    Last Run
-----------------------------------------------  -----  ---------  --------  ----------  --------------  -------------------
/opt/airflow/dags/esg_files_to_parse_counter.py                           0           1  0.14s           2025-09-15T21:07:12
================================================================================
[2025-09-15T21:07:46.490+0000] {manager.py:878} INFO - 
================================================================================
DAG File Processing Stats

File Path                                        PID    Runtime      # DAGs    # Errors  Last Runtime    Last Run
-----------------------------------------------  -----  ---------  --------  ----------  --------------  -------------------
/opt/airflow/dags/esg_files_to_parse_counter.py                           1           0  0.44s           2025-09-15T21:07:45
================================================================================
[2025-09-15T21:08:17.043+0000] {manager.py:878} INFO - 
================================================================================
DAG File Processing Stats

File Path                                        PID    Runtime      # DAGs    # Errors  Last Runtime    Last Run
-----------------------------------------------  -----  ---------  --------  ----------  --------------  -------------------
/opt/airflow/dags/esg_files_to_parse_counter.py                           1           0  0.17s           2025-09-15T21:08:16
================================================================================
[2025-09-15T21:08:47.314+0000] {manager.py:878} INFO - 
================================================================================
DAG File Processing Stats

File Path                                        PID    Runtime      # DAGs    # Errors  Last Runtime    Last Run
-----------------------------------------------  -----  ---------  --------  ----------  --------------  -------------------
/opt/airflow/dags/esg_files_to_parse_counter.py                           1           0  0.14s           2025-09-15T21:08:46
================================================================================
[2025-09-15T21:09:17.549+0000] {manager.py:878} INFO - 
================================================================================
DAG File Processing Stats

File Path                                        PID    Runtime      # DAGs    # Errors  Last Runtime    Last Run
-----------------------------------------------  -----  ---------  --------  ----------  --------------  -------------------
/opt/airflow/dags/esg_files_to_parse_counter.py                           1           0  0.13s           2025-09-15T21:09:16
================================================================================
[2025-09-15T21:09:43.664+0000] {manager.py:737} INFO - Searching for files in /opt/airflow/dags
[2025-09-15T21:09:43.685+0000] {manager.py:740} INFO - There are 1 files in /opt/airflow/dags
[2025-09-15T21:09:47.780+0000] {manager.py:878} INFO - 
================================================================================
DAG File Processing Stats

File Path                                        PID    Runtime      # DAGs    # Errors  Last Runtime    Last Run
-----------------------------------------------  -----  ---------  --------  ----------  --------------  -------------------
/opt/airflow/dags/esg_files_to_parse_counter.py                           1           0  0.13s           2025-09-15T21:09:46
================================================================================
[2025-09-15T21:10:17.951+0000] {manager.py:878} INFO - 
================================================================================
DAG File Processing Stats

File Path                                        PID    Runtime      # DAGs    # Errors  Last Runtime    Last Run
-----------------------------------------------  -----  ---------  --------  ----------  --------------  -------------------
/opt/airflow/dags/esg_files_to_parse_counter.py                           1           0  0.14s           2025-09-15T21:10:17
================================================================================
[2025-09-15T21:10:48.130+0000] {manager.py:878} INFO - 
================================================================================
DAG File Processing Stats

File Path                                        PID    Runtime      # DAGs    # Errors  Last Runtime    Last Run
-----------------------------------------------  -----  ---------  --------  ----------  --------------  -------------------
/opt/airflow/dags/esg_files_to_parse_counter.py                           1           0  0.15s           2025-09-15T21:10:47
================================================================================
[2025-09-15T21:11:18.346+0000] {manager.py:878} INFO - 
================================================================================
DAG File Processing Stats

File Path                                        PID    Runtime      # DAGs    # Errors  Last Runtime    Last Run
-----------------------------------------------  -----  ---------  --------  ----------  --------------  -------------------
/opt/airflow/dags/esg_files_to_parse_counter.py                           1           0  0.16s           2025-09-15T21:10:56
================================================================================
[2025-09-15T21:11:44.359+0000] {manager.py:452} INFO - Exiting gracefully upon receiving signal 15
[2025-09-15T21:12:01.204+0000] {manager.py:470} INFO - Processing files using up to 2 processes at a time 
[2025-09-15T21:12:01.205+0000] {manager.py:471} INFO - Process each file at most once every 30 seconds
[2025-09-15T21:12:01.206+0000] {manager.py:472} INFO - Checking for new files in /opt/airflow/dags every 300 seconds
[2025-09-15T21:12:01.207+0000] {manager.py:737} INFO - Searching for files in /opt/airflow/dags
[2025-09-15T21:12:01.227+0000] {manager.py:740} INFO - There are 1 files in /opt/airflow/dags
[2025-09-15T21:12:01.335+0000] {manager.py:878} INFO - 
================================================================================
DAG File Processing Stats

File Path                                          PID  Runtime      # DAGs    # Errors  Last Runtime    Last Run
-----------------------------------------------  -----  ---------  --------  ----------  --------------  ----------
/opt/airflow/dags/esg_files_to_parse_counter.py     29  0.04s             0           0
================================================================================
[2025-09-15T21:12:12.540+0000] {manager.py:452} INFO - Exiting gracefully upon receiving signal 15
[2025-09-15T21:12:27.224+0000] {manager.py:470} INFO - Processing files using up to 2 processes at a time 
[2025-09-15T21:12:27.231+0000] {manager.py:471} INFO - Process each file at most once every 30 seconds
[2025-09-15T21:12:27.236+0000] {manager.py:472} INFO - Checking for new files in /opt/airflow/dags every 300 seconds
[2025-09-15T21:12:27.238+0000] {manager.py:737} INFO - Searching for files in /opt/airflow/dags
[2025-09-15T21:12:27.280+0000] {manager.py:740} INFO - There are 1 files in /opt/airflow/dags
[2025-09-15T21:12:27.412+0000] {manager.py:878} INFO - 
================================================================================
DAG File Processing Stats

File Path                                          PID  Runtime      # DAGs    # Errors  Last Runtime    Last Run
-----------------------------------------------  -----  ---------  --------  ----------  --------------  ----------
/opt/airflow/dags/esg_files_to_parse_counter.py     29  0.05s             0           0
================================================================================
[2025-09-15T21:12:34.799+0000] {manager.py:452} INFO - Exiting gracefully upon receiving signal 15
[2025-09-15T21:13:03.483+0000] {manager.py:470} INFO - Processing files using up to 2 processes at a time 
[2025-09-15T21:13:03.485+0000] {manager.py:471} INFO - Process each file at most once every 30 seconds
[2025-09-15T21:13:03.488+0000] {manager.py:472} INFO - Checking for new files in /opt/airflow/dags every 300 seconds
[2025-09-15T21:13:03.490+0000] {manager.py:737} INFO - Searching for files in /opt/airflow/dags
[2025-09-15T21:13:03.520+0000] {manager.py:740} INFO - There are 1 files in /opt/airflow/dags
[2025-09-15T21:13:03.819+0000] {manager.py:878} INFO - 
================================================================================
DAG File Processing Stats

File Path                                          PID  Runtime      # DAGs    # Errors  Last Runtime    Last Run
-----------------------------------------------  -----  ---------  --------  ----------  --------------  ----------
/opt/airflow/dags/esg_files_to_parse_counter.py     29  0.08s             0           0
================================================================================
[2025-09-15T21:13:33.938+0000] {manager.py:878} INFO - 
================================================================================
DAG File Processing Stats

File Path                                        PID    Runtime      # DAGs    # Errors  Last Runtime    Last Run
-----------------------------------------------  -----  ---------  --------  ----------  --------------  -------------------
/opt/airflow/dags/esg_files_to_parse_counter.py                           1           0  0.55s           2025-09-15T21:13:04
================================================================================
[2025-09-15T21:14:04.528+0000] {manager.py:878} INFO - 
================================================================================
DAG File Processing Stats

File Path                                        PID    Runtime      # DAGs    # Errors  Last Runtime    Last Run
-----------------------------------------------  -----  ---------  --------  ----------  --------------  -------------------
/opt/airflow/dags/esg_files_to_parse_counter.py                           1           0  0.14s           2025-09-15T21:13:34
================================================================================
[2025-09-15T21:14:34.842+0000] {manager.py:878} INFO - 
================================================================================
DAG File Processing Stats

File Path                                          PID  Runtime      # DAGs    # Errors  Last Runtime    Last Run
-----------------------------------------------  -----  ---------  --------  ----------  --------------  -------------------
/opt/airflow/dags/esg_files_to_parse_counter.py     32  0.01s             1           0  0.13s           2025-09-15T21:14:04
================================================================================
[2025-09-15T21:15:05.036+0000] {manager.py:878} INFO - 
================================================================================
DAG File Processing Stats

File Path                                        PID    Runtime      # DAGs    # Errors  Last Runtime    Last Run
-----------------------------------------------  -----  ---------  --------  ----------  --------------  -------------------
/opt/airflow/dags/esg_files_to_parse_counter.py                           1           0  0.30s           2025-09-15T21:14:35
================================================================================
[2025-09-15T21:15:35.344+0000] {manager.py:878} INFO - 
================================================================================
DAG File Processing Stats

File Path                                        PID    Runtime      # DAGs    # Errors  Last Runtime    Last Run
-----------------------------------------------  -----  ---------  --------  ----------  --------------  -------------------
/opt/airflow/dags/esg_files_to_parse_counter.py                           1           0  0.27s           2025-09-15T21:15:05
================================================================================
[2025-09-15T21:16:05.761+0000] {manager.py:878} INFO - 
================================================================================
DAG File Processing Stats

File Path                                          PID  Runtime      # DAGs    # Errors  Last Runtime    Last Run
-----------------------------------------------  -----  ---------  --------  ----------  --------------  -------------------
/opt/airflow/dags/esg_files_to_parse_counter.py     35  0.00s             1           0  0.14s           2025-09-15T21:15:35
================================================================================
[2025-09-15T21:16:35.982+0000] {manager.py:878} INFO - 
================================================================================
DAG File Processing Stats

File Path                                          PID  Runtime      # DAGs    # Errors  Last Runtime    Last Run
-----------------------------------------------  -----  ---------  --------  ----------  --------------  -------------------
/opt/airflow/dags/esg_files_to_parse_counter.py     36  0.00s             1           0  0.16s           2025-09-15T21:16:05
================================================================================
[2025-09-15T21:17:06.142+0000] {manager.py:878} INFO - 
================================================================================
DAG File Processing Stats

File Path                                          PID  Runtime      # DAGs    # Errors  Last Runtime    Last Run
-----------------------------------------------  -----  ---------  --------  ----------  --------------  -------------------
/opt/airflow/dags/esg_files_to_parse_counter.py     37  0.00s             1           0  0.14s           2025-09-15T21:16:36
================================================================================
[2025-09-15T21:17:36.345+0000] {manager.py:878} INFO - 
================================================================================
DAG File Processing Stats

File Path                                          PID  Runtime      # DAGs    # Errors  Last Runtime    Last Run
-----------------------------------------------  -----  ---------  --------  ----------  --------------  -------------------
/opt/airflow/dags/esg_files_to_parse_counter.py     38  0.00s             1           0  0.13s           2025-09-15T21:17:06
================================================================================
[2025-09-15T21:18:03.583+0000] {manager.py:737} INFO - Searching for files in /opt/airflow/dags
[2025-09-15T21:18:03.600+0000] {manager.py:740} INFO - There are 1 files in /opt/airflow/dags
[2025-09-15T21:18:06.486+0000] {manager.py:878} INFO - 
================================================================================
DAG File Processing Stats

File Path                                        PID    Runtime      # DAGs    # Errors  Last Runtime    Last Run
-----------------------------------------------  -----  ---------  --------  ----------  --------------  -------------------
/opt/airflow/dags/esg_files_to_parse_counter.py                           1           0  0.16s           2025-09-15T21:17:36
================================================================================
[2025-09-15T21:18:36.739+0000] {manager.py:878} INFO - 
================================================================================
DAG File Processing Stats

File Path                                        PID    Runtime      # DAGs    # Errors  Last Runtime    Last Run
-----------------------------------------------  -----  ---------  --------  ----------  --------------  -------------------
/opt/airflow/dags/esg_files_to_parse_counter.py                           1           0  0.15s           2025-09-15T21:18:06
================================================================================
[2025-09-15T21:19:07.035+0000] {manager.py:878} INFO - 
================================================================================
DAG File Processing Stats

File Path                                          PID  Runtime      # DAGs    # Errors  Last Runtime    Last Run
-----------------------------------------------  -----  ---------  --------  ----------  --------------  -------------------
/opt/airflow/dags/esg_files_to_parse_counter.py     41  0.00s             1           0  0.13s           2025-09-15T21:18:36
================================================================================
[2025-09-15T21:19:37.242+0000] {manager.py:878} INFO - 
================================================================================
DAG File Processing Stats

File Path                                          PID  Runtime      # DAGs    # Errors  Last Runtime    Last Run
-----------------------------------------------  -----  ---------  --------  ----------  --------------  -------------------
/opt/airflow/dags/esg_files_to_parse_counter.py     42  0.00s             1           0  0.16s           2025-09-15T21:19:07
================================================================================
[2025-09-15T21:20:07.435+0000] {manager.py:878} INFO - 
================================================================================
DAG File Processing Stats

File Path                                          PID  Runtime      # DAGs    # Errors  Last Runtime    Last Run
-----------------------------------------------  -----  ---------  --------  ----------  --------------  -------------------
/opt/airflow/dags/esg_files_to_parse_counter.py     43  0.00s             1           0  0.13s           2025-09-15T21:19:37
================================================================================
[2025-09-15T21:20:37.583+0000] {manager.py:878} INFO - 
================================================================================
DAG File Processing Stats

File Path                                          PID  Runtime      # DAGs    # Errors  Last Runtime    Last Run
-----------------------------------------------  -----  ---------  --------  ----------  --------------  -------------------
/opt/airflow/dags/esg_files_to_parse_counter.py     44  0.00s             1           0  0.12s           2025-09-15T21:20:07
================================================================================
[2025-09-15T21:21:07.787+0000] {manager.py:878} INFO - 
================================================================================
DAG File Processing Stats

File Path                                          PID  Runtime      # DAGs    # Errors  Last Runtime    Last Run
-----------------------------------------------  -----  ---------  --------  ----------  --------------  -------------------
/opt/airflow/dags/esg_files_to_parse_counter.py     45  0.01s             1           0  0.17s           2025-09-15T21:20:37
================================================================================
[2025-09-15T21:21:37.978+0000] {manager.py:878} INFO - 
================================================================================
DAG File Processing Stats

File Path                                          PID  Runtime      # DAGs    # Errors  Last Runtime    Last Run
-----------------------------------------------  -----  ---------  --------  ----------  --------------  -------------------
/opt/airflow/dags/esg_files_to_parse_counter.py     46  0.00s             1           0  0.15s           2025-09-15T21:21:07
================================================================================
[2025-09-15T21:22:08.154+0000] {manager.py:878} INFO - 
================================================================================
DAG File Processing Stats

File Path                                          PID  Runtime      # DAGs    # Errors  Last Runtime    Last Run
-----------------------------------------------  -----  ---------  --------  ----------  --------------  -------------------
/opt/airflow/dags/esg_files_to_parse_counter.py     47  0.00s             1           0  0.17s           2025-09-15T21:21:38
================================================================================
[2025-09-15T21:22:38.362+0000] {manager.py:878} INFO - 
================================================================================
DAG File Processing Stats

File Path                                          PID  Runtime      # DAGs    # Errors  Last Runtime    Last Run
-----------------------------------------------  -----  ---------  --------  ----------  --------------  -------------------
/opt/airflow/dags/esg_files_to_parse_counter.py     48  0.00s             1           0  0.13s           2025-09-15T21:22:08
================================================================================
[2025-09-15T21:23:04.489+0000] {manager.py:737} INFO - Searching for files in /opt/airflow/dags
[2025-09-15T21:23:04.505+0000] {manager.py:740} INFO - There are 1 files in /opt/airflow/dags
[2025-09-15T21:23:08.542+0000] {manager.py:878} INFO - 
================================================================================
DAG File Processing Stats

File Path                                          PID  Runtime      # DAGs    # Errors  Last Runtime    Last Run
-----------------------------------------------  -----  ---------  --------  ----------  --------------  -------------------
/opt/airflow/dags/esg_files_to_parse_counter.py     49  0.00s             1           0  0.13s           2025-09-15T21:22:38
================================================================================
[2025-09-15T21:23:38.702+0000] {manager.py:878} INFO - 
================================================================================
DAG File Processing Stats

File Path                                          PID  Runtime      # DAGs    # Errors  Last Runtime    Last Run
-----------------------------------------------  -----  ---------  --------  ----------  --------------  -------------------
/opt/airflow/dags/esg_files_to_parse_counter.py     50  0.00s             1           0  0.13s           2025-09-15T21:23:08
================================================================================
[2025-09-15T21:24:08.899+0000] {manager.py:878} INFO - 
================================================================================
DAG File Processing Stats

File Path                                          PID  Runtime      # DAGs    # Errors  Last Runtime    Last Run
-----------------------------------------------  -----  ---------  --------  ----------  --------------  -------------------
/opt/airflow/dags/esg_files_to_parse_counter.py     59  0.00s             1           0  0.14s           2025-09-15T21:23:38
================================================================================
[2025-09-15T21:24:39.106+0000] {manager.py:878} INFO - 
================================================================================
DAG File Processing Stats

File Path                                          PID  Runtime      # DAGs    # Errors  Last Runtime    Last Run
-----------------------------------------------  -----  ---------  --------  ----------  --------------  -------------------
/opt/airflow/dags/esg_files_to_parse_counter.py     68  0.00s             1           0  0.15s           2025-09-15T21:24:09
================================================================================
[2025-09-15T21:25:09.311+0000] {manager.py:878} INFO - 
================================================================================
DAG File Processing Stats

File Path                                          PID  Runtime      # DAGs    # Errors  Last Runtime    Last Run
-----------------------------------------------  -----  ---------  --------  ----------  --------------  -------------------
/opt/airflow/dags/esg_files_to_parse_counter.py     69  0.01s             1           0  0.16s           2025-09-15T21:24:39
================================================================================
[2025-09-15T21:25:39.486+0000] {manager.py:878} INFO - 
================================================================================
DAG File Processing Stats

File Path                                        PID    Runtime      # DAGs    # Errors  Last Runtime    Last Run
-----------------------------------------------  -----  ---------  --------  ----------  --------------  -------------------
/opt/airflow/dags/esg_files_to_parse_counter.py                           1           0  0.25s           2025-09-15T21:25:09
================================================================================
[2025-09-15T21:26:09.777+0000] {manager.py:878} INFO - 
================================================================================
DAG File Processing Stats

File Path                                        PID    Runtime      # DAGs    # Errors  Last Runtime    Last Run
-----------------------------------------------  -----  ---------  --------  ----------  --------------  -------------------
/opt/airflow/dags/esg_files_to_parse_counter.py                           1           0  0.13s           2025-09-15T21:25:39
================================================================================
[2025-09-15T21:26:40.032+0000] {manager.py:878} INFO - 
================================================================================
DAG File Processing Stats

File Path                                          PID  Runtime      # DAGs    # Errors  Last Runtime    Last Run
-----------------------------------------------  -----  ---------  --------  ----------  --------------  -------------------
/opt/airflow/dags/esg_files_to_parse_counter.py     72  0.00s             1           0  0.13s           2025-09-15T21:26:10
================================================================================
[2025-09-15T21:27:10.240+0000] {manager.py:878} INFO - 
================================================================================
DAG File Processing Stats

File Path                                          PID  Runtime      # DAGs    # Errors  Last Runtime    Last Run
-----------------------------------------------  -----  ---------  --------  ----------  --------------  -------------------
/opt/airflow/dags/esg_files_to_parse_counter.py     73  0.00s             1           0  0.13s           2025-09-15T21:26:40
================================================================================
[2025-09-15T21:27:40.384+0000] {manager.py:878} INFO - 
================================================================================
DAG File Processing Stats

File Path                                          PID  Runtime      # DAGs    # Errors  Last Runtime    Last Run
-----------------------------------------------  -----  ---------  --------  ----------  --------------  -------------------
/opt/airflow/dags/esg_files_to_parse_counter.py     74  0.00s             1           0  0.12s           2025-09-15T21:27:10
================================================================================
[2025-09-15T21:28:04.548+0000] {manager.py:737} INFO - Searching for files in /opt/airflow/dags
[2025-09-15T21:28:04.568+0000] {manager.py:740} INFO - There are 2 files in /opt/airflow/dags
[2025-09-15T21:28:10.665+0000] {manager.py:878} INFO - 
================================================================================
DAG File Processing Stats

File Path                                          PID  Runtime      # DAGs    # Errors  Last Runtime    Last Run
-----------------------------------------------  -----  ---------  --------  ----------  --------------  -------------------
/opt/airflow/dags/min_dag.py                                              1           0  0.27s           2025-09-15T21:28:04
/opt/airflow/dags/esg_files_to_parse_counter.py     76  0.01s             1           0  0.14s           2025-09-15T21:27:40
================================================================================
[2025-09-15T21:28:41.091+0000] {manager.py:878} INFO - 
================================================================================
DAG File Processing Stats

File Path                                          PID  Runtime      # DAGs    # Errors  Last Runtime    Last Run
-----------------------------------------------  -----  ---------  --------  ----------  --------------  -------------------
/opt/airflow/dags/esg_files_to_parse_counter.py     78  0.00s             1           0  0.28s           2025-09-15T21:28:10
/opt/airflow/dags/min_dag.py                                              1           0  0.15s           2025-09-15T21:28:35
================================================================================
[2025-09-15T21:29:11.472+0000] {manager.py:878} INFO - 
================================================================================
DAG File Processing Stats

File Path                                          PID  Runtime      # DAGs    # Errors  Last Runtime    Last Run
-----------------------------------------------  -----  ---------  --------  ----------  --------------  -------------------
/opt/airflow/dags/esg_files_to_parse_counter.py     80  0.00s             1           0  0.25s           2025-09-15T21:28:41
/opt/airflow/dags/min_dag.py                                              1           0  0.13s           2025-09-15T21:29:05
================================================================================
[2025-09-15T21:29:29.315+0000] {manager.py:452} INFO - Exiting gracefully upon receiving signal 15
[2025-09-15T21:29:43.791+0000] {manager.py:470} INFO - Processing files using up to 2 processes at a time 
[2025-09-15T21:29:43.792+0000] {manager.py:471} INFO - Process each file at most once every 30 seconds
[2025-09-15T21:29:43.793+0000] {manager.py:472} INFO - Checking for new files in /opt/airflow/dags every 300 seconds
[2025-09-15T21:29:43.794+0000] {manager.py:737} INFO - Searching for files in /opt/airflow/dags
[2025-09-15T21:29:43.824+0000] {manager.py:740} INFO - There are 2 files in /opt/airflow/dags
[2025-09-15T21:29:43.958+0000] {manager.py:878} INFO - 
================================================================================
DAG File Processing Stats

File Path                                          PID  Runtime      # DAGs    # Errors  Last Runtime    Last Run
-----------------------------------------------  -----  ---------  --------  ----------  --------------  ----------
/opt/airflow/dags/esg_files_to_parse_counter.py     30  0.05s             0           0
/opt/airflow/dags/min_dag.py                        29  0.06s             0           0
================================================================================
[2025-09-15T21:30:14.236+0000] {manager.py:878} INFO - 
================================================================================
DAG File Processing Stats

File Path                                          PID  Runtime      # DAGs    # Errors  Last Runtime    Last Run
-----------------------------------------------  -----  ---------  --------  ----------  --------------  -------------------
/opt/airflow/dags/esg_files_to_parse_counter.py     32  0.00s             1           0  0.20s           2025-09-15T21:29:44
/opt/airflow/dags/min_dag.py                        31  0.01s             1           0  0.17s           2025-09-15T21:29:44
================================================================================
[2025-09-15T21:30:44.405+0000] {manager.py:878} INFO - 
================================================================================
DAG File Processing Stats

File Path                                          PID  Runtime      # DAGs    # Errors  Last Runtime    Last Run
-----------------------------------------------  -----  ---------  --------  ----------  --------------  -------------------
/opt/airflow/dags/min_dag.py                        33  0.02s             1           0  0.14s           2025-09-15T21:30:14
/opt/airflow/dags/esg_files_to_parse_counter.py     34  0.01s             1           0  0.13s           2025-09-15T21:30:14
================================================================================
[2025-09-15T21:31:14.709+0000] {manager.py:878} INFO - 
================================================================================
DAG File Processing Stats

File Path                                          PID  Runtime      # DAGs    # Errors  Last Runtime    Last Run
-----------------------------------------------  -----  ---------  --------  ----------  --------------  -------------------
/opt/airflow/dags/min_dag.py                        35  0.02s             1           0  0.14s           2025-09-15T21:30:44
/opt/airflow/dags/esg_files_to_parse_counter.py     36  0.00s             1           0  0.14s           2025-09-15T21:30:44
================================================================================
[2025-09-15T21:31:44.887+0000] {manager.py:878} INFO - 
================================================================================
DAG File Processing Stats

File Path                                          PID  Runtime      # DAGs    # Errors  Last Runtime    Last Run
-----------------------------------------------  -----  ---------  --------  ----------  --------------  -------------------
/opt/airflow/dags/min_dag.py                        45  0.01s             1           0  0.17s           2025-09-15T21:31:14
/opt/airflow/dags/esg_files_to_parse_counter.py     46  0.00s             1           0  0.16s           2025-09-15T21:31:14
================================================================================
[2025-09-15T21:32:15.189+0000] {manager.py:878} INFO - 
================================================================================
DAG File Processing Stats

File Path                                          PID  Runtime      # DAGs    # Errors  Last Runtime    Last Run
-----------------------------------------------  -----  ---------  --------  ----------  --------------  -------------------
/opt/airflow/dags/esg_files_to_parse_counter.py     56  0.01s             1           0  0.13s           2025-09-15T21:31:45
/opt/airflow/dags/min_dag.py                        55  0.02s             1           0  0.13s           2025-09-15T21:31:44
================================================================================
[2025-09-15T21:32:45.370+0000] {manager.py:878} INFO - 
================================================================================
DAG File Processing Stats

File Path                                          PID  Runtime      # DAGs    # Errors  Last Runtime    Last Run
-----------------------------------------------  -----  ---------  --------  ----------  --------------  -------------------
/opt/airflow/dags/min_dag.py                        71  0.01s             1           0  0.15s           2025-09-15T21:32:15
/opt/airflow/dags/esg_files_to_parse_counter.py     72  0.00s             1           0  0.15s           2025-09-15T21:32:15
================================================================================
[2025-09-15T21:33:15.659+0000] {manager.py:878} INFO - 
================================================================================
DAG File Processing Stats

File Path                                          PID  Runtime      # DAGs    # Errors  Last Runtime    Last Run
-----------------------------------------------  -----  ---------  --------  ----------  --------------  -------------------
/opt/airflow/dags/min_dag.py                        81  0.02s             1           0  0.13s           2025-09-15T21:32:45
/opt/airflow/dags/esg_files_to_parse_counter.py     82  0.01s             1           0  0.13s           2025-09-15T21:32:45
================================================================================
[2025-09-15T21:33:45.832+0000] {manager.py:878} INFO - 
================================================================================
DAG File Processing Stats

File Path                                          PID  Runtime      # DAGs    # Errors  Last Runtime    Last Run
-----------------------------------------------  -----  ---------  --------  ----------  --------------  -------------------
/opt/airflow/dags/min_dag.py                        83  0.01s             1           0  0.17s           2025-09-15T21:33:15
/opt/airflow/dags/esg_files_to_parse_counter.py     84  0.00s             1           0  0.16s           2025-09-15T21:33:15
================================================================================
[2025-09-15T21:34:16.113+0000] {manager.py:878} INFO - 
================================================================================
DAG File Processing Stats

File Path                                          PID  Runtime      # DAGs    # Errors  Last Runtime    Last Run
-----------------------------------------------  -----  ---------  --------  ----------  --------------  -------------------
/opt/airflow/dags/min_dag.py                        85  0.01s             1           0  0.13s           2025-09-15T21:33:45
/opt/airflow/dags/esg_files_to_parse_counter.py     86  0.00s             1           0  0.12s           2025-09-15T21:33:45
================================================================================
[2025-09-15T21:34:44.366+0000] {manager.py:737} INFO - Searching for files in /opt/airflow/dags
[2025-09-15T21:34:44.392+0000] {manager.py:740} INFO - There are 2 files in /opt/airflow/dags
[2025-09-15T21:34:46.435+0000] {manager.py:878} INFO - 
================================================================================
DAG File Processing Stats

File Path                                          PID  Runtime      # DAGs    # Errors  Last Runtime    Last Run
-----------------------------------------------  -----  ---------  --------  ----------  --------------  -------------------
/opt/airflow/dags/min_dag.py                        87  0.01s             1           0  0.13s           2025-09-15T21:34:16
/opt/airflow/dags/esg_files_to_parse_counter.py     88  0.00s             1           0  0.13s           2025-09-15T21:34:16
================================================================================
[2025-09-15T21:35:16.721+0000] {manager.py:878} INFO - 
================================================================================
DAG File Processing Stats

File Path                                          PID  Runtime      # DAGs    # Errors  Last Runtime    Last Run
-----------------------------------------------  -----  ---------  --------  ----------  --------------  -------------------
/opt/airflow/dags/esg_files_to_parse_counter.py     90  0.00s             1           0  0.14s           2025-09-15T21:34:46
/opt/airflow/dags/min_dag.py                        89  0.02s             1           0  0.13s           2025-09-15T21:34:46
================================================================================
[2025-09-15T21:35:46.892+0000] {manager.py:878} INFO - 
================================================================================
DAG File Processing Stats

File Path                                        PID    Runtime      # DAGs    # Errors  Last Runtime    Last Run
-----------------------------------------------  -----  ---------  --------  ----------  --------------  -------------------
/opt/airflow/dags/min_dag.py                                              1           0  0.19s           2025-09-15T21:35:16
/opt/airflow/dags/esg_files_to_parse_counter.py                           1           0  0.18s           2025-09-15T21:35:16
================================================================================
[2025-09-15T21:36:17.365+0000] {manager.py:878} INFO - 
================================================================================
DAG File Processing Stats

File Path                                          PID  Runtime      # DAGs    # Errors  Last Runtime    Last Run
-----------------------------------------------  -----  ---------  --------  ----------  --------------  -------------------
/opt/airflow/dags/esg_files_to_parse_counter.py     94  0.00s             1           0  0.18s           2025-09-15T21:35:47
/opt/airflow/dags/min_dag.py                        93  0.02s             1           0  0.17s           2025-09-15T21:35:47
================================================================================
[2025-09-15T21:36:47.670+0000] {manager.py:878} INFO - 
================================================================================
DAG File Processing Stats

File Path                                          PID  Runtime      # DAGs    # Errors  Last Runtime    Last Run
-----------------------------------------------  -----  ---------  --------  ----------  --------------  -------------------
/opt/airflow/dags/esg_files_to_parse_counter.py     96  0.01s             1           0  0.16s           2025-09-15T21:36:17
/opt/airflow/dags/min_dag.py                        95  0.02s             1           0  0.16s           2025-09-15T21:36:17
================================================================================
[2025-09-15T21:37:17.814+0000] {manager.py:878} INFO - 
================================================================================
DAG File Processing Stats

File Path                                        PID    Runtime      # DAGs    # Errors  Last Runtime    Last Run
-----------------------------------------------  -----  ---------  --------  ----------  --------------  -------------------
/opt/airflow/dags/min_dag.py                                              1           0  0.22s           2025-09-15T21:36:47
/opt/airflow/dags/esg_files_to_parse_counter.py                           1           0  0.20s           2025-09-15T21:36:47
================================================================================
[2025-09-15T21:37:48.190+0000] {manager.py:878} INFO - 
================================================================================
DAG File Processing Stats

File Path                                          PID  Runtime      # DAGs    # Errors  Last Runtime    Last Run
-----------------------------------------------  -----  ---------  --------  ----------  --------------  -------------------
/opt/airflow/dags/min_dag.py                        99  0.01s             1           0  0.14s           2025-09-15T21:37:18
/opt/airflow/dags/esg_files_to_parse_counter.py    100  0.00s             1           0  0.13s           2025-09-15T21:37:18
================================================================================
[2025-09-15T21:38:18.415+0000] {manager.py:878} INFO - 
================================================================================
DAG File Processing Stats

File Path                                          PID  Runtime      # DAGs    # Errors  Last Runtime    Last Run
-----------------------------------------------  -----  ---------  --------  ----------  --------------  -------------------
/opt/airflow/dags/min_dag.py                       101  0.01s             1           0  0.13s           2025-09-15T21:37:48
/opt/airflow/dags/esg_files_to_parse_counter.py    102  0.00s             1           0  0.13s           2025-09-15T21:37:48
================================================================================
[2025-09-15T21:38:48.763+0000] {manager.py:878} INFO - 
================================================================================
DAG File Processing Stats

File Path                                          PID  Runtime      # DAGs    # Errors  Last Runtime    Last Run
-----------------------------------------------  -----  ---------  --------  ----------  --------------  -------------------
/opt/airflow/dags/min_dag.py                       103  0.01s             1           0  0.22s           2025-09-15T21:38:18
/opt/airflow/dags/esg_files_to_parse_counter.py    104  0.00s             1           0  0.19s           2025-09-15T21:38:18
================================================================================
[2025-09-15T21:39:18.941+0000] {manager.py:878} INFO - 
================================================================================
DAG File Processing Stats

File Path                                          PID  Runtime      # DAGs    # Errors  Last Runtime    Last Run
-----------------------------------------------  -----  ---------  --------  ----------  --------------  -------------------
/opt/airflow/dags/min_dag.py                       105  0.01s             1           0  0.15s           2025-09-15T21:38:48
/opt/airflow/dags/esg_files_to_parse_counter.py    106  0.00s             1           0  0.15s           2025-09-15T21:38:48
================================================================================
[2025-09-15T21:39:45.173+0000] {manager.py:737} INFO - Searching for files in /opt/airflow/dags
[2025-09-15T21:39:45.197+0000] {manager.py:740} INFO - There are 2 files in /opt/airflow/dags
[2025-09-15T21:39:49.245+0000] {manager.py:878} INFO - 
================================================================================
DAG File Processing Stats

File Path                                          PID  Runtime      # DAGs    # Errors  Last Runtime    Last Run
-----------------------------------------------  -----  ---------  --------  ----------  --------------  -------------------
/opt/airflow/dags/min_dag.py                       107  0.01s             1           0  0.12s           2025-09-15T21:39:19
/opt/airflow/dags/esg_files_to_parse_counter.py    108  0.00s             1           0  0.12s           2025-09-15T21:39:19
================================================================================
[2025-09-15T21:40:19.541+0000] {manager.py:878} INFO - 
================================================================================
DAG File Processing Stats

File Path                                          PID  Runtime      # DAGs    # Errors  Last Runtime    Last Run
-----------------------------------------------  -----  ---------  --------  ----------  --------------  -------------------
/opt/airflow/dags/min_dag.py                       109  0.02s             1           0  0.13s           2025-09-15T21:39:49
/opt/airflow/dags/esg_files_to_parse_counter.py    110  0.01s             1           0  0.13s           2025-09-15T21:39:49
================================================================================
[2025-09-15T21:40:49.721+0000] {manager.py:878} INFO - 
================================================================================
DAG File Processing Stats

File Path                                          PID  Runtime      # DAGs    # Errors  Last Runtime    Last Run
-----------------------------------------------  -----  ---------  --------  ----------  --------------  -------------------
/opt/airflow/dags/min_dag.py                       119  0.02s             1           0  0.17s           2025-09-15T21:40:19
/opt/airflow/dags/esg_files_to_parse_counter.py    120  0.01s             1           0  0.16s           2025-09-15T21:40:19
================================================================================
[2025-09-15T21:41:20.051+0000] {manager.py:878} INFO - 
================================================================================
DAG File Processing Stats

File Path                                          PID  Runtime      # DAGs    # Errors  Last Runtime    Last Run
-----------------------------------------------  -----  ---------  --------  ----------  --------------  -------------------
/opt/airflow/dags/esg_files_to_parse_counter.py    122  0.01s             1           0  0.17s           2025-09-15T21:40:49
/opt/airflow/dags/min_dag.py                       121  0.02s             1           0  0.17s           2025-09-15T21:40:49
================================================================================
[2025-09-15T21:41:50.231+0000] {manager.py:878} INFO - 
================================================================================
DAG File Processing Stats

File Path                                          PID  Runtime      # DAGs    # Errors  Last Runtime    Last Run
-----------------------------------------------  -----  ---------  --------  ----------  --------------  -------------------
/opt/airflow/dags/min_dag.py                       123  0.00s             1           0  0.18s           2025-09-15T21:41:20
/opt/airflow/dags/esg_files_to_parse_counter.py                           1           0  0.18s           2025-09-15T21:41:20
================================================================================
[2025-09-15T21:42:20.533+0000] {manager.py:878} INFO - 
================================================================================
DAG File Processing Stats

File Path                                          PID  Runtime      # DAGs    # Errors  Last Runtime    Last Run
-----------------------------------------------  -----  ---------  --------  ----------  --------------  -------------------
/opt/airflow/dags/min_dag.py                       125  0.02s             1           0  0.14s           2025-09-15T21:41:50
/opt/airflow/dags/esg_files_to_parse_counter.py    126  0.01s             1           0  0.13s           2025-09-15T21:41:50
================================================================================
[2025-09-15T21:42:50.864+0000] {manager.py:878} INFO - 
================================================================================
DAG File Processing Stats

File Path                                          PID  Runtime      # DAGs    # Errors  Last Runtime    Last Run
-----------------------------------------------  -----  ---------  --------  ----------  --------------  -------------------
/opt/airflow/dags/min_dag.py                       135  0.02s             1           0  0.18s           2025-09-15T21:42:20
/opt/airflow/dags/esg_files_to_parse_counter.py    136  0.01s             1           0  0.18s           2025-09-15T21:42:20
================================================================================
[2025-09-15T21:43:21.045+0000] {manager.py:878} INFO - 
================================================================================
DAG File Processing Stats

File Path                                          PID  Runtime      # DAGs    # Errors  Last Runtime    Last Run
-----------------------------------------------  -----  ---------  --------  ----------  --------------  -------------------
/opt/airflow/dags/min_dag.py                       137  0.01s             1           0  0.15s           2025-09-15T21:42:50
/opt/airflow/dags/esg_files_to_parse_counter.py    138  0.00s             1           0  0.15s           2025-09-15T21:42:51
================================================================================
[2025-09-15T21:43:51.357+0000] {manager.py:878} INFO - 
================================================================================
DAG File Processing Stats

File Path                                          PID  Runtime      # DAGs    # Errors  Last Runtime    Last Run
-----------------------------------------------  -----  ---------  --------  ----------  --------------  -------------------
/opt/airflow/dags/min_dag.py                       139  0.01s             1           0  0.24s           2025-09-15T21:43:21
/opt/airflow/dags/esg_files_to_parse_counter.py    140  0.00s             1           0  0.23s           2025-09-15T21:43:21
================================================================================
[2025-09-15T21:44:21.580+0000] {manager.py:878} INFO - 
================================================================================
DAG File Processing Stats

File Path                                          PID  Runtime      # DAGs    # Errors  Last Runtime    Last Run
-----------------------------------------------  -----  ---------  --------  ----------  --------------  -------------------
/opt/airflow/dags/min_dag.py                       145  0.01s             1           0  0.13s           2025-09-15T21:43:51
/opt/airflow/dags/esg_files_to_parse_counter.py    146  0.00s             1           0  0.12s           2025-09-15T21:43:51
================================================================================
[2025-09-15T21:44:45.828+0000] {manager.py:737} INFO - Searching for files in /opt/airflow/dags
[2025-09-15T21:44:45.855+0000] {manager.py:740} INFO - There are 2 files in /opt/airflow/dags
[2025-09-15T21:44:46.873+0000] {manager.py:1128} WARNING - Skipping processing of missing file: /opt/airflow/dags/min_dag.py
[2025-09-15T21:44:51.913+0000] {manager.py:878} INFO - 
================================================================================
DAG File Processing Stats

File Path                                        PID    Runtime      # DAGs    # Errors  Last Runtime    Last Run
-----------------------------------------------  -----  ---------  --------  ----------  --------------  -------------------
/opt/airflow/dags/esg_files_to_parse_counter.py                           1           0  0.16s           2025-09-15T21:44:50
================================================================================
[2025-09-15T21:45:22.166+0000] {manager.py:878} INFO - 
================================================================================
DAG File Processing Stats

File Path                                        PID    Runtime      # DAGs    # Errors  Last Runtime    Last Run
-----------------------------------------------  -----  ---------  --------  ----------  --------------  -------------------
/opt/airflow/dags/esg_files_to_parse_counter.py                           1           0  0.12s           2025-09-15T21:45:20
================================================================================
[2025-09-15T21:45:52.385+0000] {manager.py:878} INFO - 
================================================================================
DAG File Processing Stats

File Path                                        PID    Runtime      # DAGs    # Errors  Last Runtime    Last Run
-----------------------------------------------  -----  ---------  --------  ----------  --------------  -------------------
/opt/airflow/dags/esg_files_to_parse_counter.py                           1           0  0.14s           2025-09-15T21:45:50
================================================================================
[2025-09-15T21:46:22.537+0000] {manager.py:878} INFO - 
================================================================================
DAG File Processing Stats

File Path                                        PID    Runtime      # DAGs    # Errors  Last Runtime    Last Run
-----------------------------------------------  -----  ---------  --------  ----------  --------------  -------------------
/opt/airflow/dags/esg_files_to_parse_counter.py                           1           0  0.12s           2025-09-15T21:46:20
================================================================================
[2025-09-15T21:46:52.743+0000] {manager.py:878} INFO - 
================================================================================
DAG File Processing Stats

File Path                                        PID    Runtime      # DAGs    # Errors  Last Runtime    Last Run
-----------------------------------------------  -----  ---------  --------  ----------  --------------  -------------------
/opt/airflow/dags/esg_files_to_parse_counter.py                           1           0  0.12s           2025-09-15T21:46:50
================================================================================
[2025-09-15T21:47:22.881+0000] {manager.py:878} INFO - 
================================================================================
DAG File Processing Stats

File Path                                        PID    Runtime      # DAGs    # Errors  Last Runtime    Last Run
-----------------------------------------------  -----  ---------  --------  ----------  --------------  -------------------
/opt/airflow/dags/esg_files_to_parse_counter.py                           1           0  0.13s           2025-09-15T21:47:20
================================================================================
[2025-09-15T21:47:53.112+0000] {manager.py:878} INFO - 
================================================================================
DAG File Processing Stats

File Path                                        PID    Runtime      # DAGs    # Errors  Last Runtime    Last Run
-----------------------------------------------  -----  ---------  --------  ----------  --------------  -------------------
/opt/airflow/dags/esg_files_to_parse_counter.py                           1           0  0.14s           2025-09-15T21:47:51
================================================================================
[2025-09-15T21:48:23.258+0000] {manager.py:878} INFO - 
================================================================================
DAG File Processing Stats

File Path                                        PID    Runtime      # DAGs    # Errors  Last Runtime    Last Run
-----------------------------------------------  -----  ---------  --------  ----------  --------------  -------------------
/opt/airflow/dags/esg_files_to_parse_counter.py                           1           0  0.13s           2025-09-15T21:48:21
================================================================================
[2025-09-15T21:48:53.464+0000] {manager.py:878} INFO - 
================================================================================
DAG File Processing Stats

File Path                                        PID    Runtime      # DAGs    # Errors  Last Runtime    Last Run
-----------------------------------------------  -----  ---------  --------  ----------  --------------  -------------------
/opt/airflow/dags/esg_files_to_parse_counter.py                           1           0  0.12s           2025-09-15T21:48:51
================================================================================
[2025-09-15T21:49:23.611+0000] {manager.py:878} INFO - 
================================================================================
DAG File Processing Stats

File Path                                        PID    Runtime      # DAGs    # Errors  Last Runtime    Last Run
-----------------------------------------------  -----  ---------  --------  ----------  --------------  -------------------
/opt/airflow/dags/esg_files_to_parse_counter.py                           1           0  0.17s           2025-09-15T21:49:21
================================================================================
[2025-09-15T21:49:45.848+0000] {manager.py:737} INFO - Searching for files in /opt/airflow/dags
[2025-09-15T21:49:45.874+0000] {manager.py:740} INFO - There are 1 files in /opt/airflow/dags
